Archive member included to satisfy reference by file (symbol)

/Applications/Ac6/SystemWorkbench.app/Contents/Eclipse/plugins/fr.ac6.mcu.externaltools.arm-none.macos64_1.13.1.201707031232/tools/compiler/bin/../lib/gcc/arm-none-eabi/5.4.1/armv7e-m/fpu/libgcc.a(_aeabi_uldivmod.o)
                              Drivers/STM32F4xx_HAL_Driver/Src/stm32f4xx_hal_rcc.o (__aeabi_uldivmod)
/Applications/Ac6/SystemWorkbench.app/Contents/Eclipse/plugins/fr.ac6.mcu.externaltools.arm-none.macos64_1.13.1.201707031232/tools/compiler/bin/../lib/gcc/arm-none-eabi/5.4.1/armv7e-m/fpu/libgcc.a(_udivmoddi4.o)
                              /Applications/Ac6/SystemWorkbench.app/Contents/Eclipse/plugins/fr.ac6.mcu.externaltools.arm-none.macos64_1.13.1.201707031232/tools/compiler/bin/../lib/gcc/arm-none-eabi/5.4.1/armv7e-m/fpu/libgcc.a(_aeabi_uldivmod.o) (__udivmoddi4)
/Applications/Ac6/SystemWorkbench.app/Contents/Eclipse/plugins/fr.ac6.mcu.externaltools.arm-none.macos64_1.13.1.201707031232/tools/compiler/bin/../lib/gcc/arm-none-eabi/5.4.1/armv7e-m/fpu/libgcc.a(_dvmd_tls.o)
                              /Applications/Ac6/SystemWorkbench.app/Contents/Eclipse/plugins/fr.ac6.mcu.externaltools.arm-none.macos64_1.13.1.201707031232/tools/compiler/bin/../lib/gcc/arm-none-eabi/5.4.1/armv7e-m/fpu/libgcc.a(_aeabi_uldivmod.o) (__aeabi_ldiv0)
/Applications/Ac6/SystemWorkbench.app/Contents/Eclipse/plugins/fr.ac6.mcu.externaltools.arm-none.macos64_1.13.1.201707031232/tools/compiler/bin/../lib/gcc/arm-none-eabi/5.4.1/../../../../arm-none-eabi/lib/armv7e-m/fpu/libc_nano.a(lib_a-exit.o)
                              /Applications/Ac6/SystemWorkbench.app/Contents/Eclipse/plugins/fr.ac6.mcu.externaltools.arm-none.macos64_1.13.1.201707031232/tools/compiler/bin/../lib/gcc/arm-none-eabi/5.4.1/../../../../arm-none-eabi/lib/armv7e-m/fpu/crt0.o (exit)
/Applications/Ac6/SystemWorkbench.app/Contents/Eclipse/plugins/fr.ac6.mcu.externaltools.arm-none.macos64_1.13.1.201707031232/tools/compiler/bin/../lib/gcc/arm-none-eabi/5.4.1/../../../../arm-none-eabi/lib/armv7e-m/fpu/libc_nano.a(lib_a-impure.o)
                              /Applications/Ac6/SystemWorkbench.app/Contents/Eclipse/plugins/fr.ac6.mcu.externaltools.arm-none.macos64_1.13.1.201707031232/tools/compiler/bin/../lib/gcc/arm-none-eabi/5.4.1/../../../../arm-none-eabi/lib/armv7e-m/fpu/libc_nano.a(lib_a-exit.o) (_global_impure_ptr)
/Applications/Ac6/SystemWorkbench.app/Contents/Eclipse/plugins/fr.ac6.mcu.externaltools.arm-none.macos64_1.13.1.201707031232/tools/compiler/bin/../lib/gcc/arm-none-eabi/5.4.1/../../../../arm-none-eabi/lib/armv7e-m/fpu/libc_nano.a(lib_a-init.o)
                              /Applications/Ac6/SystemWorkbench.app/Contents/Eclipse/plugins/fr.ac6.mcu.externaltools.arm-none.macos64_1.13.1.201707031232/tools/compiler/bin/../lib/gcc/arm-none-eabi/5.4.1/../../../../arm-none-eabi/lib/armv7e-m/fpu/crt0.o (__libc_init_array)
/Applications/Ac6/SystemWorkbench.app/Contents/Eclipse/plugins/fr.ac6.mcu.externaltools.arm-none.macos64_1.13.1.201707031232/tools/compiler/bin/../lib/gcc/arm-none-eabi/5.4.1/../../../../arm-none-eabi/lib/armv7e-m/fpu/libc_nano.a(lib_a-memset.o)
                              /Applications/Ac6/SystemWorkbench.app/Contents/Eclipse/plugins/fr.ac6.mcu.externaltools.arm-none.macos64_1.13.1.201707031232/tools/compiler/bin/../lib/gcc/arm-none-eabi/5.4.1/../../../../arm-none-eabi/lib/armv7e-m/fpu/crt0.o (memset)
/Applications/Ac6/SystemWorkbench.app/Contents/Eclipse/plugins/fr.ac6.mcu.externaltools.arm-none.macos64_1.13.1.201707031232/tools/compiler/bin/../lib/gcc/arm-none-eabi/5.4.1/../../../../arm-none-eabi/lib/armv7e-m/fpu/libc_nano.a(lib_a-sprintf.o)
                              Src/main.o (sprintf)
/Applications/Ac6/SystemWorkbench.app/Contents/Eclipse/plugins/fr.ac6.mcu.externaltools.arm-none.macos64_1.13.1.201707031232/tools/compiler/bin/../lib/gcc/arm-none-eabi/5.4.1/../../../../arm-none-eabi/lib/armv7e-m/fpu/libc_nano.a(lib_a-strlen.o)
                              Src/main.o (strlen)
/Applications/Ac6/SystemWorkbench.app/Contents/Eclipse/plugins/fr.ac6.mcu.externaltools.arm-none.macos64_1.13.1.201707031232/tools/compiler/bin/../lib/gcc/arm-none-eabi/5.4.1/../../../../arm-none-eabi/lib/armv7e-m/fpu/libc_nano.a(lib_a-nano-svfprintf.o)
                              /Applications/Ac6/SystemWorkbench.app/Contents/Eclipse/plugins/fr.ac6.mcu.externaltools.arm-none.macos64_1.13.1.201707031232/tools/compiler/bin/../lib/gcc/arm-none-eabi/5.4.1/../../../../arm-none-eabi/lib/armv7e-m/fpu/libc_nano.a(lib_a-sprintf.o) (_svfprintf_r)
/Applications/Ac6/SystemWorkbench.app/Contents/Eclipse/plugins/fr.ac6.mcu.externaltools.arm-none.macos64_1.13.1.201707031232/tools/compiler/bin/../lib/gcc/arm-none-eabi/5.4.1/../../../../arm-none-eabi/lib/armv7e-m/fpu/libc_nano.a(lib_a-nano-vfprintf_i.o)
[...]
Memory Configuration

Name             Origin             Length             Attributes
RAM              0x0000000020000000 0x0000000000020000 xrw
CCMRAM           0x0000000010000000 0x0000000000010000 rw
FLASH            0x0000000008000000 0x0000000000100000 xr
*default*        0x0000000000000000 0xffffffffffffffff

Linker script and memory map

LOAD /Applications/Ac6/SystemWorkbench.app/Contents/Eclipse/plugins/fr.ac6.mcu.externaltools.arm-none.macos64_1.13.1.201707031232/tools/compiler/bin/../lib/gcc/arm-none-eabi/5.4.1/armv7e-m/fpu/crti.o
LOAD /Applications/Ac6/SystemWorkbench.app/Contents/Eclipse/plugins/fr.ac6.mcu.externaltools.arm-none.macos64_1.13.1.201707031232/tools/compiler/bin/../lib/gcc/arm-none-eabi/5.4.1/armv7e-m/fpu/crtbegin.o
LOAD /Applications/Ac6/SystemWorkbench.app/Contents/Eclipse/plugins/fr.ac6.mcu.externaltools.arm-none.macos64_1.13.1.201707031232/tools/compiler/bin/../lib/gcc/arm-none-eabi/5.4.1/../../../../arm-none-eabi/lib/armv7e-m/fpu/crt0.o
LOAD Drivers/STM32F4xx_HAL_Driver/Src/lis302dl.o
LOAD Drivers/STM32F4xx_HAL_Driver/Src/lis3dsh.o
LOAD Drivers/STM32F4xx_HAL_Driver/Src/stm32f4_discovery.o
LOAD Drivers/STM32F4xx_HAL_Driver/Src/stm32f4_discovery_accelerometer.o
LOAD Drivers/STM32F4xx_HAL_Driver/Src/stm32f4xx_hal.o
LOAD Drivers/STM32F4xx_HAL_Driver/Src/stm32f4xx_hal_cortex.o
LOAD Drivers/STM32F4xx_HAL_Driver/Src/stm32f4xx_hal_dma.o
LOAD Drivers/STM32F4xx_HAL_Driver/Src/stm32f4xx_hal_dma_ex.o
LOAD Drivers/STM32F4xx_HAL_Driver/Src/stm32f4xx_hal_flash.o
LOAD Drivers/STM32F4xx_HAL_Driver/Src/stm32f4xx_hal_flash_ex.o
LOAD Drivers/STM32F4xx_HAL_Driver/Src/stm32f4xx_hal_flash_ramfunc.o
LOAD Drivers/STM32F4xx_HAL_Driver/Src/stm32f4xx_hal_gpio.o
LOAD Drivers/STM32F4xx_HAL_Driver/Src/stm32f4xx_hal_i2c.o
LOAD Drivers/STM32F4xx_HAL_Driver/Src/stm32f4xx_hal_i2c_ex.o
LOAD Drivers/STM32F4xx_HAL_Driver/Src/stm32f4xx_hal_i2s.o
LOAD Drivers/STM32F4xx_HAL_Driver/Src/stm32f4xx_hal_i2s_ex.o
LOAD Drivers/STM32F4xx_HAL_Driver/Src/stm32f4xx_hal_pwr.o
LOAD Drivers/STM32F4xx_HAL_Driver/Src/stm32f4xx_hal_pwr_ex.o
LOAD Drivers/STM32F4xx_HAL_Driver/Src/stm32f4xx_hal_rcc.o
LOAD Drivers/STM32F4xx_HAL_Driver/Src/stm32f4xx_hal_rcc_ex.o
LOAD Drivers/STM32F4xx_HAL_Driver/Src/stm32f4xx_hal_spi.o
LOAD Drivers/STM32F4xx_HAL_Driver/Src/stm32f4xx_hal_tim.o
LOAD Drivers/STM32F4xx_HAL_Driver/Src/stm32f4xx_hal_tim_ex.o
LOAD Drivers/STM32F4xx_HAL_Driver/Src/stm32f4xx_hal_uart.o
LOAD Src/main.o
LOAD Src/stm32f4xx_hal_msp.o
LOAD Src/stm32f4xx_it.o
LOAD Src/system_stm32f4xx.o
LOAD startup/startup_stm32f407xx.o
LOAD /Applications/Ac6/SystemWorkbench.app/Contents/Eclipse/plugins/fr.ac6.mcu.externaltools.arm-none.macos64_1.13.1.201707031232/tools/compiler/bin/../lib/gcc/arm-none-eabi/5.4.1/../../../../arm-none-eabi/lib/armv7e-m/fpu/libm.a
START GROUP
LOAD /Applications/Ac6/SystemWorkbench.app/Contents/Eclipse/plugins/fr.ac6.mcu.externaltools.arm-none.macos64_1.13.1.201707031232/tools/compiler/bin/../lib/gcc/arm-none-eabi/5.4.1/armv7e-m/fpu/libgcc.a
LOAD /Applications/Ac6/SystemWorkbench.app/Contents/Eclipse/plugins/fr.ac6.mcu.externaltools.arm-none.macos64_1.13.1.201707031232/tools/compiler/bin/../lib/gcc/arm-none-eabi/5.4.1/../../../../arm-none-eabi/lib/armv7e-m/fpu/libc_nano.a
END GROUP
START GROUP
LOAD /Applications/Ac6/SystemWorkbench.app/Contents/Eclipse/plugins/fr.ac6.mcu.externaltools.arm-none.macos64_1.13.1.201707031232/tools/compiler/bin/../lib/gcc/arm-none-eabi/5.4.1/armv7e-m/fpu/libgcc.a
LOAD /Applications/Ac6/SystemWorkbench.app/Contents/Eclipse/plugins/fr.ac6.mcu.externaltools.arm-none.macos64_1.13.1.201707031232/tools/compiler/bin/../lib/gcc/arm-none-eabi/5.4.1/../../../../arm-none-eabi/lib/armv7e-m/fpu/libc_nano.a
LOAD /Applications/Ac6/SystemWorkbench.app/Contents/Eclipse/plugins/fr.ac6.mcu.externaltools.arm-none.macos64_1.13.1.201707031232/tools/compiler/bin/../lib/gcc/arm-none-eabi/5.4.1/../../../../arm-none-eabi/lib/armv7e-m/fpu/libnosys.a
END GROUP
START GROUP
LOAD /Applications/Ac6/SystemWorkbench.app/Contents/Eclipse/plugins/fr.ac6.mcu.externaltools.arm-none.macos64_1.13.1.201707031232/tools/compiler/bin/../lib/gcc/arm-none-eabi/5.4.1/armv7e-m/fpu/libgcc.a
LOAD /Applications/Ac6/SystemWorkbench.app/Contents/Eclipse/plugins/fr.ac6.mcu.externaltools.arm-none.macos64_1.13.1.201707031232/tools/compiler/bin/../lib/gcc/arm-none-eabi/5.4.1/../../../../arm-none-eabi/lib/armv7e-m/fpu/libc_nano.a
LOAD /Applications/Ac6/SystemWorkbench.app/Contents/Eclipse/plugins/fr.ac6.mcu.externaltools.arm-none.macos64_1.13.1.201707031232/tools/compiler/bin/../lib/gcc/arm-none-eabi/5.4.1/../../../../arm-none-eabi/lib/armv7e-m/fpu/libnosys.a
END GROUP
LOAD /Applications/Ac6/SystemWorkbench.app/Contents/Eclipse/plugins/fr.ac6.mcu.externaltools.arm-none.macos64_1.13.1.201707031232/tools/compiler/bin/../lib/gcc/arm-none-eabi/5.4.1/armv7e-m/fpu/crtend.o
LOAD /Applications/Ac6/SystemWorkbench.app/Contents/Eclipse/plugins/fr.ac6.mcu.externaltools.arm-none.macos64_1.13.1.201707031232/tools/compiler/bin/../lib/gcc/arm-none-eabi/5.4.1/armv7e-m/fpu/crtn.o
                0x0000000020020000                _estack = 0x20020000
                0x0000000000000200                _Min_Heap_Size = 0x200
                0x0000000000000400                _Min_Stack_Size = 0x400

.isr_vector     0x0000000008000000      0x188
                0x0000000008000000                . = ALIGN (0x4)
 *(.isr_vector)
 .isr_vector    0x0000000008000000      0x188 startup/startup_stm32f407xx.o
                0x0000000008000000                g_pfnVectors
                0x0000000008000188                . = ALIGN (0x4)

.text           0x0000000008000190     0x39bc
                0x0000000008000190                . = ALIGN (0x4)
 *(.text)
 .text          0x0000000008000190       0x5c /Applications/Ac6/SystemWorkbench.app/Contents/Eclipse/plugins/fr.ac6.mcu.externaltools.arm-none.macos64_1.13.1.201707031232/tools/compiler/bin/../lib/gcc/arm-none-eabi/5.4.1/armv7e-m/fpu/crtbegin.o
 .text          0x00000000080001ec       0x30 /Applications/Ac6/SystemWorkbench.app/Contents/Eclipse/plugins/fr.ac6.mcu.externaltools.arm-none.macos64_1.13.1.201707031232/tools/compiler/bin/../lib/gcc/arm-none-eabi/5.4.1/armv7e-m/fpu/libgcc.a(_aeabi_uldivmod.o)
                0x00000000080001ec                __aeabi_uldivmod
 .text          0x000000000800021c      0x2e4 /Applications/Ac6/SystemWorkbench.app/Contents/Eclipse/plugins/fr.ac6.mcu.externaltools.arm-none.macos64_1.13.1.201707031232/tools/compiler/bin/../lib/gcc/arm-none-eabi/5.4.1/armv7e-m/fpu/libgcc.a(_udivmoddi4.o)
                0x000000000800021c                __udivmoddi4
 .text          0x0000000008000500        0x4 /Applications/Ac6/SystemWorkbench.app/Contents/Eclipse/plugins/fr.ac6.mcu.externaltools.arm-none.macos64_1.13.1.201707031232/tools/compiler/bin/../lib/gcc/arm-none-eabi/5.4.1/armv7e-m/fpu/libgcc.a(_dvmd_tls.o)
                0x0000000008000500                __aeabi_ldiv0
                0x0000000008000500                __aeabi_idiv0
 .text          0x0000000008000504       0x10 /Applications/Ac6/SystemWorkbench.app/Contents/Eclipse/plugins/fr.ac6.mcu.externaltools.arm-none.macos64_1.13.1.201707031232/tools/compiler/bin/../lib/gcc/arm-none-eabi/5.4.1/../../../../arm-none-eabi/lib/armv7e-m/fpu/libc_nano.a(lib_a-strlen.o)
                0x0000000008000504                strlen
 *fill*         0x0000000008000514        0xc 
 .text          0x0000000008000520       0xa0 /Applications/Ac6/SystemWorkbench.app/Contents/Eclipse/plugins/fr.ac6.mcu.externaltools.arm-none.macos64_1.13.1.201707031232/tools/compiler/bin/../lib/gcc/arm-none-eabi/5.4.1/../../../../arm-none-eabi/lib/armv7e-m/fpu/libc_nano.a(lib_a-memchr.o)
                0x0000000008000520                memchr
 *(.text*)
 .text.LIS302DL_DeInit
                0x00000000080005c0        0x4 Drivers/STM32F4xx_HAL_Driver/Src/lis302dl.o
                0x00000000080005c0                LIS302DL_DeInit
 .text.LIS302DL_Init
                0x00000000080005c4       0x24 Drivers/STM32F4xx_HAL_Driver/Src/lis302dl.o
                0x00000000080005c4                LIS302DL_Init
 .text.LIS302DL_ReadID
                0x00000000080005e8       0x24 Drivers/STM32F4xx_HAL_Driver/Src/lis302dl.o
                0x00000000080005e8                LIS302DL_ReadID
 .text.LIS302DL_FilterConfig
                0x000000000800060c       0x34 Drivers/STM32F4xx_HAL_Driver/Src/lis302dl.o
                0x000000000800060c                LIS302DL_FilterConfig
 .text.LIS302DL_Click_IntClear
                0x0000000008000640       0x24 Drivers/STM32F4xx_HAL_Driver/Src/lis302dl.o
                0x0000000008000640                LIS302DL_Click_IntClear
 .text.LIS302DL_RebootCmd
                0x0000000008000664       0x30 Drivers/STM32F4xx_HAL_Driver/Src/lis302dl.o
                0x0000000008000664                LIS302DL_RebootCmd
 .text.LIS302DL_ReadACC
                0x0000000008000694       0x68 Drivers/STM32F4xx_HAL_Driver/Src/lis302dl.o
                0x0000000008000694                LIS302DL_ReadACC
 .text.LIS302DL_InterruptConfig
                0x00000000080006fc       0x34 Drivers/STM32F4xx_HAL_Driver/Src/lis302dl.o
                0x00000000080006fc                LIS302DL_InterruptConfig
 .text.LIS302DL_Click_IntConfig
                0x0000000008000730       0xac Drivers/STM32F4xx_HAL_Driver/Src/lis302dl.o
                0x0000000008000730                LIS302DL_Click_IntConfig
 .text.LIS3DSH_DeInit
                0x00000000080007dc        0x4 Drivers/STM32F4xx_HAL_Driver/Src/lis3dsh.o
                0x00000000080007dc                LIS3DSH_DeInit
 .text.LIS3DSH_Init
                0x00000000080007e0       0x34 Drivers/STM32F4xx_HAL_Driver/Src/lis3dsh.o
                0x00000000080007e0                LIS3DSH_Init
 .text.LIS3DSH_ReadID
                0x0000000008000814       0x24 Drivers/STM32F4xx_HAL_Driver/Src/lis3dsh.o
                0x0000000008000814                LIS3DSH_ReadID
 .text.LIS3DSH_RebootCmd
                0x0000000008000838       0x30 Drivers/STM32F4xx_HAL_Driver/Src/lis3dsh.o
                0x0000000008000838                LIS3DSH_RebootCmd
 .text.LIS3DSH_ReadACC
                0x0000000008000868       0xf4 Drivers/STM32F4xx_HAL_Driver/Src/lis3dsh.o
                0x0000000008000868                LIS3DSH_ReadACC
 .text.LIS3DSH_InterruptConfig
                0x000000000800095c       0x4c Drivers/STM32F4xx_HAL_Driver/Src/lis3dsh.o
                0x000000000800095c                LIS3DSH_InterruptConfig
 .text.LIS3DSH_Click_IntConfig
                0x00000000080009a8       0xd8 Drivers/STM32F4xx_HAL_Driver/Src/lis3dsh.o
                0x00000000080009a8                LIS3DSH_Click_IntConfig
 .text.SPIx_MspInit
                0x0000000008000a80       0x58 Drivers/STM32F4xx_HAL_Driver/Src/stm32f4_discovery.o
 .text.SPIx_Init
                0x0000000008000ad8       0x48 Drivers/STM32F4xx_HAL_Driver/Src/stm32f4_discovery.o
 .text.SPIx_Error
                0x0000000008000b20       0x14 Drivers/STM32F4xx_HAL_Driver/Src/stm32f4_discovery.o
 .text.SPIx_WriteRead
                0x0000000008000b34       0x3c Drivers/STM32F4xx_HAL_Driver/Src/stm32f4_discovery.o
 .text.ACCELERO_IO_Init
                0x0000000008000b70       0x4c Drivers/STM32F4xx_HAL_Driver/Src/stm32f4_discovery.o
                0x0000000008000b70                ACCELERO_IO_Init
 .text.ACCELERO_IO_ITConfig
                0x0000000008000bbc       0x50 Drivers/STM32F4xx_HAL_Driver/Src/stm32f4_discovery.o
                0x0000000008000bbc                ACCELERO_IO_ITConfig
 .text.ACCELERO_IO_Write
                0x0000000008000c0c       0x44 Drivers/STM32F4xx_HAL_Driver/Src/stm32f4_discovery.o
                0x0000000008000c0c                ACCELERO_IO_Write
 .text.ACCELERO_IO_Read
                0x0000000008000c50       0x48 Drivers/STM32F4xx_HAL_Driver/Src/stm32f4_discovery.o
                0x0000000008000c50                ACCELERO_IO_Read
 .text.BSP_ACCELERO_Init
                0x0000000008000c98       0x50 Drivers/STM32F4xx_HAL_Driver/Src/stm32f4_discovery_accelerometer.o
                0x0000000008000c98                BSP_ACCELERO_Init
 .text.BSP_ACCELERO_GetXYZ
                0x0000000008000ce8       0x30 Drivers/STM32F4xx_HAL_Driver/Src/stm32f4_discovery_accelerometer.o
                0x0000000008000ce8                BSP_ACCELERO_GetXYZ
 .text.HAL_InitTick
                0x0000000008000d18       0x2c Drivers/STM32F4xx_HAL_Driver/Src/stm32f4xx_hal.o
                0x0000000008000d18                HAL_InitTick
 .text.HAL_Init
                0x0000000008000d44       0x34 Drivers/STM32F4xx_HAL_Driver/Src/stm32f4xx_hal.o
                0x0000000008000d44                HAL_Init
 .text.HAL_IncTick
                0x0000000008000d78       0x10 Drivers/STM32F4xx_HAL_Driver/Src/stm32f4xx_hal.o
                0x0000000008000d78                HAL_IncTick
 .text.HAL_GetTick
                0x0000000008000d88        0xc Drivers/STM32F4xx_HAL_Driver/Src/stm32f4xx_hal.o
                0x0000000008000d88                HAL_GetTick
 .text.HAL_Delay
                0x0000000008000d94       0x24 Drivers/STM32F4xx_HAL_Driver/Src/stm32f4xx_hal.o
                0x0000000008000d94                HAL_Delay
 .text.HAL_NVIC_SetPriorityGrouping
                0x0000000008000db8       0x24 Drivers/STM32F4xx_HAL_Driver/Src/stm32f4xx_hal_cortex.o
                0x0000000008000db8                HAL_NVIC_SetPriorityGrouping
 .text.HAL_NVIC_SetPriority
                0x0000000008000ddc       0x64 Drivers/STM32F4xx_HAL_Driver/Src/stm32f4xx_hal_cortex.o
                0x0000000008000ddc                HAL_NVIC_SetPriority
 .text.HAL_NVIC_EnableIRQ
                0x0000000008000e40       0x18 Drivers/STM32F4xx_HAL_Driver/Src/stm32f4xx_hal_cortex.o
                0x0000000008000e40                HAL_NVIC_EnableIRQ
 .text.HAL_SYSTICK_Config
                0x0000000008000e58       0x2c Drivers/STM32F4xx_HAL_Driver/Src/stm32f4xx_hal_cortex.o
                0x0000000008000e58                HAL_SYSTICK_Config
 .text.HAL_SYSTICK_CLKSourceConfig
                0x0000000008000e84       0x20 Drivers/STM32F4xx_HAL_Driver/Src/stm32f4xx_hal_cortex.o
                0x0000000008000e84                HAL_SYSTICK_CLKSourceConfig
 .text.HAL_SYSTICK_Callback
                0x0000000008000ea4        0x4 Drivers/STM32F4xx_HAL_Driver/Src/stm32f4xx_hal_cortex.o
                0x0000000008000ea4                HAL_SYSTICK_Callback
 .text.HAL_SYSTICK_IRQHandler
                0x0000000008000ea8        0x8 Drivers/STM32F4xx_HAL_Driver/Src/stm32f4xx_hal_cortex.o
                0x0000000008000ea8                HAL_SYSTICK_IRQHandler
 .text.HAL_GPIO_Init
                0x0000000008000eb0      0x1c0 Drivers/STM32F4xx_HAL_Driver/Src/stm32f4xx_hal_gpio.o
                0x0000000008000eb0                HAL_GPIO_Init
 .text.HAL_GPIO_DeInit
                0x0000000008001070      0x11c Drivers/STM32F4xx_HAL_Driver/Src/stm32f4xx_hal_gpio.o
                0x0000000008001070                HAL_GPIO_DeInit
 .text.HAL_GPIO_WritePin
                0x000000000800118c        0xc Drivers/STM32F4xx_HAL_Driver/Src/stm32f4xx_hal_gpio.o
                0x000000000800118c                HAL_GPIO_WritePin
 .text.HAL_GPIO_TogglePin
                0x0000000008001198        0x8 Drivers/STM32F4xx_HAL_Driver/Src/stm32f4xx_hal_gpio.o
                0x0000000008001198                HAL_GPIO_TogglePin
 .text.HAL_I2C_Init
                0x00000000080011a0      0x11c Drivers/STM32F4xx_HAL_Driver/Src/stm32f4xx_hal_i2c.o
                0x00000000080011a0                HAL_I2C_Init
 .text.HAL_I2S_TxCpltCallback
                0x00000000080012bc        0x4 Drivers/STM32F4xx_HAL_Driver/Src/stm32f4xx_hal_i2s.o
                0x00000000080012bc                HAL_I2S_TxCpltCallback
 .text.I2S_Transmit_IT
                0x00000000080012c0       0x38 Drivers/STM32F4xx_HAL_Driver/Src/stm32f4xx_hal_i2s.o
 .text.HAL_I2S_RxCpltCallback
                0x00000000080012f8        0x4 Drivers/STM32F4xx_HAL_Driver/Src/stm32f4xx_hal_i2s.o
                0x00000000080012f8                HAL_I2S_RxCpltCallback
 .text.I2S_Receive_IT
                0x00000000080012fc       0x38 Drivers/STM32F4xx_HAL_Driver/Src/stm32f4xx_hal_i2s.o
 .text.HAL_I2S_ErrorCallback
                0x0000000008001334        0x4 Drivers/STM32F4xx_HAL_Driver/Src/stm32f4xx_hal_i2s.o
                0x0000000008001334                HAL_I2S_ErrorCallback
 .text.HAL_I2S_Init
                0x0000000008001338      0x1b0 Drivers/STM32F4xx_HAL_Driver/Src/stm32f4xx_hal_i2s.o
                0x0000000008001338                HAL_I2S_Init
 .text.I2S_IRQHandler
                0x00000000080014e8       0xd0 Drivers/STM32F4xx_HAL_Driver/Src/stm32f4xx_hal_i2s.o
 .text.HAL_I2SEx_TxRxCpltCallback
                0x00000000080015b8        0x4 Drivers/STM32F4xx_HAL_Driver/Src/stm32f4xx_hal_i2s_ex.o
                0x00000000080015b8                HAL_I2SEx_TxRxCpltCallback
 .text.I2SEx_FullDuplexTx_IT
                0x00000000080015bc       0xb0 Drivers/STM32F4xx_HAL_Driver/Src/stm32f4xx_hal_i2s_ex.o
 .text.I2SEx_FullDuplexRx_IT
                0x000000000800166c       0xb0 Drivers/STM32F4xx_HAL_Driver/Src/stm32f4xx_hal_i2s_ex.o
 .text.HAL_I2SEx_FullDuplex_IRQHandler
                0x000000000800171c      0x268 Drivers/STM32F4xx_HAL_Driver/Src/stm32f4xx_hal_i2s_ex.o
                0x000000000800171c                HAL_I2SEx_FullDuplex_IRQHandler
 .text.HAL_RCC_OscConfig
                0x0000000008001984      0x3a0 Drivers/STM32F4xx_HAL_Driver/Src/stm32f4xx_hal_rcc.o
                0x0000000008001984                HAL_RCC_OscConfig
 .text.HAL_RCC_GetSysClockFreq
                0x0000000008001d24       0xcc Drivers/STM32F4xx_HAL_Driver/Src/stm32f4xx_hal_rcc.o
                0x0000000008001d24                HAL_RCC_GetSysClockFreq
 .text.HAL_RCC_ClockConfig
                0x0000000008001df0      0x160 Drivers/STM32F4xx_HAL_Driver/Src/stm32f4xx_hal_rcc.o
                0x0000000008001df0                HAL_RCC_ClockConfig
 .text.HAL_RCC_GetHCLKFreq
                0x0000000008001f50        0xc Drivers/STM32F4xx_HAL_Driver/Src/stm32f4xx_hal_rcc.o
                0x0000000008001f50                HAL_RCC_GetHCLKFreq
 .text.HAL_RCC_GetPCLK1Freq
                0x0000000008001f5c       0x20 Drivers/STM32F4xx_HAL_Driver/Src/stm32f4xx_hal_rcc.o
                0x0000000008001f5c                HAL_RCC_GetPCLK1Freq
 .text.HAL_RCC_GetPCLK2Freq
                0x0000000008001f7c       0x20 Drivers/STM32F4xx_HAL_Driver/Src/stm32f4xx_hal_rcc.o
                0x0000000008001f7c                HAL_RCC_GetPCLK2Freq
 .text.HAL_RCCEx_PeriphCLKConfig
                0x0000000008001f9c      0x160 Drivers/STM32F4xx_HAL_Driver/Src/stm32f4xx_hal_rcc_ex.o
                0x0000000008001f9c                HAL_RCCEx_PeriphCLKConfig
 .text.HAL_RCCEx_GetPeriphCLKFreq
                0x00000000080020fc       0x74 Drivers/STM32F4xx_HAL_Driver/Src/stm32f4xx_hal_rcc_ex.o
                0x00000000080020fc                HAL_RCCEx_GetPeriphCLKFreq
 .text.SPI_WaitFlagStateUntilTimeout
                0x0000000008002170       0x94 Drivers/STM32F4xx_HAL_Driver/Src/stm32f4xx_hal_spi.o
 .text.SPI_CheckFlag_BSY
                0x0000000008002204       0x28 Drivers/STM32F4xx_HAL_Driver/Src/stm32f4xx_hal_spi.o
 .text.HAL_SPI_Init
                0x000000000800222c       0x84 Drivers/STM32F4xx_HAL_Driver/Src/stm32f4xx_hal_spi.o
                0x000000000800222c                HAL_SPI_Init
 .text.HAL_SPI_DeInit
                0x00000000080022b0       0x2c Drivers/STM32F4xx_HAL_Driver/Src/stm32f4xx_hal_spi.o
                0x00000000080022b0                HAL_SPI_DeInit
 .text.HAL_SPI_TransmitReceive
                0x00000000080022dc      0x244 Drivers/STM32F4xx_HAL_Driver/Src/stm32f4xx_hal_spi.o
                0x00000000080022dc                HAL_SPI_TransmitReceive
 .text.HAL_SPI_GetState
                0x0000000008002520        0x8 Drivers/STM32F4xx_HAL_Driver/Src/stm32f4xx_hal_spi.o
                0x0000000008002520                HAL_SPI_GetState
 .text.UART_SetConfig
                0x0000000008002528      0x32c Drivers/STM32F4xx_HAL_Driver/Src/stm32f4xx_hal_uart.o
 .text.UART_WaitOnFlagUntilTimeout
                0x0000000008002854       0x68 Drivers/STM32F4xx_HAL_Driver/Src/stm32f4xx_hal_uart.o
 .text.HAL_UART_Init
                0x00000000080028bc       0x64 Drivers/STM32F4xx_HAL_Driver/Src/stm32f4xx_hal_uart.o
                0x00000000080028bc                HAL_UART_Init
 .text.HAL_UART_Transmit
                0x0000000008002920       0xe4 Drivers/STM32F4xx_HAL_Driver/Src/stm32f4xx_hal_uart.o
                0x0000000008002920                HAL_UART_Transmit
 .text.HAL_UART_Receive
                0x0000000008002a04       0xe8 Drivers/STM32F4xx_HAL_Driver/Src/stm32f4xx_hal_uart.o
                0x0000000008002a04                HAL_UART_Receive
 .text.MX_GPIO_Init
                0x0000000008002aec      0x1ac Src/main.o
 .text._Error_Handler
                0x0000000008002c98        0x4 Src/main.o
                0x0000000008002c98                _Error_Handler
 .text.MX_USART2_UART_Init
                0x0000000008002c9c       0x3c Src/main.o
 .text.MX_SPI1_Init
                0x0000000008002cd8       0x48 Src/main.o
 .text.MX_I2C1_Init
                0x0000000008002d20       0x44 Src/main.o
 .text.MX_I2S3_Init
                0x0000000008002d64       0x44 Src/main.o
 .text.SystemClock_Config
                0x0000000008002da8       0xe0 Src/main.o
                0x0000000008002da8                SystemClock_Config
 .text.main     0x0000000008002e88      0x13c Src/main.o
                0x0000000008002e88                main
 .text.HAL_MspInit
                0x0000000008002fc4       0x70 Src/stm32f4xx_hal_msp.o
                0x0000000008002fc4                HAL_MspInit
 .text.HAL_I2C_MspInit
                0x0000000008003034       0x54 Src/stm32f4xx_hal_msp.o
                0x0000000008003034                HAL_I2C_MspInit
 .text.HAL_I2S_MspInit
                0x0000000008003088       0x80 Src/stm32f4xx_hal_msp.o
                0x0000000008003088                HAL_I2S_MspInit
 .text.HAL_SPI_MspInit
                0x0000000008003108       0x50 Src/stm32f4xx_hal_msp.o
                0x0000000008003108                HAL_SPI_MspInit
 .text.HAL_SPI_MspDeInit
                0x0000000008003158       0x2c Src/stm32f4xx_hal_msp.o
                0x0000000008003158                HAL_SPI_MspDeInit
 .text.HAL_UART_MspInit
                0x0000000008003184       0x54 Src/stm32f4xx_hal_msp.o
                0x0000000008003184                HAL_UART_MspInit
 .text.SysTick_Handler
                0x00000000080031d8        0xc Src/stm32f4xx_it.o
                0x00000000080031d8                SysTick_Handler
 .text.RCC_IRQHandler
                0x00000000080031e4        0x4 Src/stm32f4xx_it.o
                0x00000000080031e4                RCC_IRQHandler
 .text.SystemInit
                0x00000000080031e8       0x4c Src/system_stm32f4xx.o
                0x00000000080031e8                SystemInit
 .text.Reset_Handler
                0x0000000008003234       0x50 startup/startup_stm32f407xx.o
                0x0000000008003234                Reset_Handler
 .text.Default_Handler
                0x0000000008003284        0x2 startup/startup_stm32f407xx.o
                0x0000000008003284                DMA1_Stream3_IRQHandler
                0x0000000008003284                HASH_RNG_IRQHandler
                0x0000000008003284                EXTI2_IRQHandler
                0x0000000008003284                TIM8_CC_IRQHandler
                0x0000000008003284                DebugMon_Handler
                0x0000000008003284                TIM1_CC_IRQHandler
                0x0000000008003284                DMA2_Stream5_IRQHandler
                0x0000000008003284                HardFault_Handler
                0x0000000008003284                DMA1_Stream5_IRQHandler
                0x0000000008003284                PVD_IRQHandler
                0x0000000008003284                SDIO_IRQHandler
                0x0000000008003284                TAMP_STAMP_IRQHandler
                0x0000000008003284                PendSV_Handler
                0x0000000008003284                NMI_Handler
                0x0000000008003284                CAN2_RX1_IRQHandler
                0x0000000008003284                EXTI3_IRQHandler
                0x0000000008003284                TIM8_TRG_COM_TIM14_IRQHandler
                0x0000000008003284                TIM1_UP_TIM10_IRQHandler
                0x0000000008003284                TIM8_UP_TIM13_IRQHandler
                0x0000000008003284                I2C3_ER_IRQHandler
                0x0000000008003284                EXTI0_IRQHandler
                0x0000000008003284                I2C2_EV_IRQHandler
                0x0000000008003284                DMA1_Stream2_IRQHandler
                0x0000000008003284                CAN1_RX0_IRQHandler
                0x0000000008003284                FPU_IRQHandler
                0x0000000008003284                OTG_HS_WKUP_IRQHandler
                0x0000000008003284                UsageFault_Handler
                0x0000000008003284                CAN2_SCE_IRQHandler
                0x0000000008003284                DMA2_Stream2_IRQHandler
                0x0000000008003284                SPI1_IRQHandler
                0x0000000008003284                TIM6_DAC_IRQHandler
                0x0000000008003284                TIM1_BRK_TIM9_IRQHandler
                0x0000000008003284                DCMI_IRQHandler
                0x0000000008003284                CAN2_RX0_IRQHandler
                0x0000000008003284                DMA2_Stream3_IRQHandler
                0x0000000008003284                USART6_IRQHandler
                0x0000000008003284                USART3_IRQHandler
                0x0000000008003284                CAN1_RX1_IRQHandler
                0x0000000008003284                UART5_IRQHandler
                0x0000000008003284                DMA2_Stream0_IRQHandler
                0x0000000008003284                TIM4_IRQHandler
                0x0000000008003284                I2C1_EV_IRQHandler
                0x0000000008003284                DMA1_Stream6_IRQHandler
                0x0000000008003284                DMA1_Stream1_IRQHandler
                0x0000000008003284                UART4_IRQHandler
                0x0000000008003284                TIM3_IRQHandler
                0x0000000008003284                TIM8_BRK_TIM12_IRQHandler
                0x0000000008003284                Default_Handler
                0x0000000008003284                EXTI15_10_IRQHandler
                0x0000000008003284                ADC_IRQHandler
                0x0000000008003284                DMA1_Stream7_IRQHandler
                0x0000000008003284                TIM7_IRQHandler
                0x0000000008003284                CAN2_TX_IRQHandler
                0x0000000008003284                TIM5_IRQHandler
                0x0000000008003284                DMA2_Stream7_IRQHandler
                0x0000000008003284                I2C3_EV_IRQHandler
                0x0000000008003284                EXTI9_5_IRQHandler
                0x0000000008003284                RTC_WKUP_IRQHandler
                0x0000000008003284                ETH_WKUP_IRQHandler
                0x0000000008003284                SPI2_IRQHandler
                0x0000000008003284                OTG_HS_EP1_IN_IRQHandler
                0x0000000008003284                MemManage_Handler
                0x0000000008003284                DMA1_Stream0_IRQHandler
                0x0000000008003284                CAN1_TX_IRQHandler
                0x0000000008003284                SVC_Handler
                0x0000000008003284                EXTI4_IRQHandler
                0x0000000008003284                FSMC_IRQHandler
                0x0000000008003284                ETH_IRQHandler
                0x0000000008003284                OTG_HS_EP1_OUT_IRQHandler
                0x0000000008003284                WWDG_IRQHandler
                0x0000000008003284                TIM2_IRQHandler
                0x0000000008003284                OTG_FS_WKUP_IRQHandler
                0x0000000008003284                TIM1_TRG_COM_TIM11_IRQHandler
                0x0000000008003284                OTG_HS_IRQHandler
                0x0000000008003284                EXTI1_IRQHandler
                0x0000000008003284                USART2_IRQHandler
                0x0000000008003284                I2C2_ER_IRQHandler
                0x0000000008003284                DMA2_Stream1_IRQHandler
                0x0000000008003284                CAN1_SCE_IRQHandler
                0x0000000008003284                FLASH_IRQHandler
                0x0000000008003284                DMA2_Stream4_IRQHandler
                0x0000000008003284                BusFault_Handler
                0x0000000008003284                USART1_IRQHandler
                0x0000000008003284                OTG_FS_IRQHandler
                0x0000000008003284                SPI3_IRQHandler
                0x0000000008003284                DMA1_Stream4_IRQHandler
                0x0000000008003284                I2C1_ER_IRQHandler
                0x0000000008003284                DMA2_Stream6_IRQHandler
                0x0000000008003284                RTC_Alarm_IRQHandler
 *fill*         0x0000000008003286        0x2 
 .text.__libc_init_array
                0x0000000008003288       0x4c /Applications/Ac6/SystemWorkbench.app/Contents/Eclipse/plugins/fr.ac6.mcu.externaltools.arm-none.macos64_1.13.1.201707031232/tools/compiler/bin/../lib/gcc/arm-none-eabi/5.4.1/../../../../arm-none-eabi/lib/armv7e-m/fpu/libc_nano.a(lib_a-init.o)
                0x0000000008003288                __libc_init_array
 .text.sprintf  0x00000000080032d4       0x48 /Applications/Ac6/SystemWorkbench.app/Contents/Eclipse/plugins/fr.ac6.mcu.externaltools.arm-none.macos64_1.13.1.201707031232/tools/compiler/bin/../lib/gcc/arm-none-eabi/5.4.1/../../../../arm-none-eabi/lib/armv7e-m/fpu/libc_nano.a(lib_a-sprintf.o)
                0x00000000080032d4                sprintf
                0x00000000080032d4                siprintf
 .text.__ssputs_r
                0x000000000800331c       0xb2 /Applications/Ac6/SystemWorkbench.app/Contents/Eclipse/plugins/fr.ac6.mcu.externaltools.arm-none.macos64_1.13.1.201707031232/tools/compiler/bin/../lib/gcc/arm-none-eabi/5.4.1/../../../../arm-none-eabi/lib/armv7e-m/fpu/libc_nano.a(lib_a-nano-svfprintf.o)
                0x000000000800331c                __ssputs_r
 *fill*         0x00000000080033ce        0x2 
 .text._svfprintf_r
                0x00000000080033d0      0x1e8 /Applications/Ac6/SystemWorkbench.app/Contents/Eclipse/plugins/fr.ac6.mcu.externaltools.arm-none.macos64_1.13.1.201707031232/tools/compiler/bin/../lib/gcc/arm-none-eabi/5.4.1/../../../../arm-none-eabi/lib/armv7e-m/fpu/libc_nano.a(lib_a-nano-svfprintf.o)
                0x00000000080033d0                _svfprintf_r
                0x00000000080033d0                _svfiprintf_r
 .text._printf_common
                0x00000000080035b8       0xec /Applications/Ac6/SystemWorkbench.app/Contents/Eclipse/plugins/fr.ac6.mcu.externaltools.arm-none.macos64_1.13.1.201707031232/tools/compiler/bin/../lib/gcc/arm-none-eabi/5.4.1/../../../../arm-none-eabi/lib/armv7e-m/fpu/libc_nano.a(lib_a-nano-vfprintf_i.o)
                0x00000000080035b8                _printf_common
 .text._printf_i
                0x00000000080036a4      0x24c /Applications/Ac6/SystemWorkbench.app/Contents/Eclipse/plugins/fr.ac6.mcu.externaltools.arm-none.macos64_1.13.1.201707031232/tools/compiler/bin/../lib/gcc/arm-none-eabi/5.4.1/../../../../arm-none-eabi/lib/armv7e-m/fpu/libc_nano.a(lib_a-nano-vfprintf_i.o)
                0x00000000080036a4                _printf_i
 .text.memcpy   0x00000000080038f0       0x16 /Applications/Ac6/SystemWorkbench.app/Contents/Eclipse/plugins/fr.ac6.mcu.externaltools.arm-none.macos64_1.13.1.201707031232/tools/compiler/bin/../lib/gcc/arm-none-eabi/5.4.1/../../../../arm-none-eabi/lib/armv7e-m/fpu/libc_nano.a(lib_a-memcpy-stub.o)
                0x00000000080038f0                memcpy
 .text.memmove  0x0000000008003906       0x36 /Applications/Ac6/SystemWorkbench.app/Contents/Eclipse/plugins/fr.ac6.mcu.externaltools.arm-none.macos64_1.13.1.201707031232/tools/compiler/bin/../lib/gcc/arm-none-eabi/5.4.1/../../../../arm-none-eabi/lib/armv7e-m/fpu/libc_nano.a(lib_a-memmove.o)
                0x0000000008003906                memmove
 .text._free_r  0x000000000800393c       0x9c /Applications/Ac6/SystemWorkbench.app/Contents/Eclipse/plugins/fr.ac6.mcu.externaltools.arm-none.macos64_1.13.1.201707031232/tools/compiler/bin/../lib/gcc/arm-none-eabi/5.4.1/../../../../arm-none-eabi/lib/armv7e-m/fpu/libc_nano.a(lib_a-nano-freer.o)
                0x000000000800393c                _free_r
 .text._malloc_r
                0x00000000080039d8       0xbc /Applications/Ac6/SystemWorkbench.app/Contents/Eclipse/plugins/fr.ac6.mcu.externaltools.arm-none.macos64_1.13.1.201707031232/tools/compiler/bin/../lib/gcc/arm-none-eabi/5.4.1/../../../../arm-none-eabi/lib/armv7e-m/fpu/libc_nano.a(lib_a-nano-mallocr.o)
                0x00000000080039d8                _malloc_r
 .text._realloc_r
                0x0000000008003a94       0x4c /Applications/Ac6/SystemWorkbench.app/Contents/Eclipse/plugins/fr.ac6.mcu.externaltools.arm-none.macos64_1.13.1.201707031232/tools/compiler/bin/../lib/gcc/arm-none-eabi/5.4.1/../../../../arm-none-eabi/lib/armv7e-m/fpu/libc_nano.a(lib_a-nano-reallocr.o)
                0x0000000008003a94                _realloc_r
 .text._sbrk_r  0x0000000008003ae0       0x20 /Applications/Ac6/SystemWorkbench.app/Contents/Eclipse/plugins/fr.ac6.mcu.externaltools.arm-none.macos64_1.13.1.201707031232/tools/compiler/bin/../lib/gcc/arm-none-eabi/5.4.1/../../../../arm-none-eabi/lib/armv7e-m/fpu/libc_nano.a(lib_a-sbrkr.o)
                0x0000000008003ae0                _sbrk_r
 .text.__malloc_lock
                0x0000000008003b00        0x2 /Applications/Ac6/SystemWorkbench.app/Contents/Eclipse/plugins/fr.ac6.mcu.externaltools.arm-none.macos64_1.13.1.201707031232/tools/compiler/bin/../lib/gcc/arm-none-eabi/5.4.1/../../../../arm-none-eabi/lib/armv7e-m/fpu/libc_nano.a(lib_a-mlock.o)
                0x0000000008003b00                __malloc_lock
 .text.__malloc_unlock
                0x0000000008003b02        0x2 /Applications/Ac6/SystemWorkbench.app/Contents/Eclipse/plugins/fr.ac6.mcu.externaltools.arm-none.macos64_1.13.1.201707031232/tools/compiler/bin/../lib/gcc/arm-none-eabi/5.4.1/../../../../arm-none-eabi/lib/armv7e-m/fpu/libc_nano.a(lib_a-mlock.o)
                0x0000000008003b02                __malloc_unlock
 .text._malloc_usable_size_r
                0x0000000008003b04       0x14 /Applications/Ac6/SystemWorkbench.app/Contents/Eclipse/plugins/fr.ac6.mcu.externaltools.arm-none.macos64_1.13.1.201707031232/tools/compiler/bin/../lib/gcc/arm-none-eabi/5.4.1/../../../../arm-none-eabi/lib/armv7e-m/fpu/libc_nano.a(lib_a-nano-msizer.o)
                0x0000000008003b04                _malloc_usable_size_r
 .text._sbrk    0x0000000008003b18       0x1c /Applications/Ac6/SystemWorkbench.app/Contents/Eclipse/plugins/fr.ac6.mcu.externaltools.arm-none.macos64_1.13.1.201707031232/tools/compiler/bin/../lib/gcc/arm-none-eabi/5.4.1/../../../../arm-none-eabi/lib/armv7e-m/fpu/libnosys.a(sbrk.o)
                0x0000000008003b18                _sbrk
 *(.glue_7)
 .glue_7        0x0000000008003b34        0x0 linker stubs
 *(.glue_7t)
 .glue_7t       0x0000000008003b34        0x0 linker stubs
 *(.eh_frame)
 .eh_frame      0x0000000008003b34        0x0 /Applications/Ac6/SystemWorkbench.app/Contents/Eclipse/plugins/fr.ac6.mcu.externaltools.arm-none.macos64_1.13.1.201707031232/tools/compiler/bin/../lib/gcc/arm-none-eabi/5.4.1/armv7e-m/fpu/crtbegin.o
 *(.init)
 .init          0x0000000008003b34        0x4 /Applications/Ac6/SystemWorkbench.app/Contents/Eclipse/plugins/fr.ac6.mcu.externaltools.arm-none.macos64_1.13.1.201707031232/tools/compiler/bin/../lib/gcc/arm-none-eabi/5.4.1/armv7e-m/fpu/crti.o
                0x0000000008003b34                _init
 .init          0x0000000008003b38        0x8 /Applications/Ac6/SystemWorkbench.app/Contents/Eclipse/plugins/fr.ac6.mcu.externaltools.arm-none.macos64_1.13.1.201707031232/tools/compiler/bin/../lib/gcc/arm-none-eabi/5.4.1/armv7e-m/fpu/crtn.o
 *(.fini)
 .fini          0x0000000008003b40        0x4 /Applications/Ac6/SystemWorkbench.app/Contents/Eclipse/plugins/fr.ac6.mcu.externaltools.arm-none.macos64_1.13.1.201707031232/tools/compiler/bin/../lib/gcc/arm-none-eabi/5.4.1/armv7e-m/fpu/crti.o
                0x0000000008003b40                _fini
 .fini          0x0000000008003b44        0x8 /Applications/Ac6/SystemWorkbench.app/Contents/Eclipse/plugins/fr.ac6.mcu.externaltools.arm-none.macos64_1.13.1.201707031232/tools/compiler/bin/../lib/gcc/arm-none-eabi/5.4.1/armv7e-m/fpu/crtn.o
                0x0000000008003b4c                . = ALIGN (0x4)
                0x0000000008003b4c                _etext = .

.vfp11_veneer   0x0000000008003b4c        0x0
 .vfp11_veneer  0x0000000008003b4c        0x0 linker stubs

.v4_bx          0x0000000008003b4c        0x0
 .v4_bx         0x0000000008003b4c        0x0 linker stubs

.iplt           0x0000000008003b4c        0x0
 .iplt          0x0000000008003b4c        0x0 /Applications/Ac6/SystemWorkbench.app/Contents/Eclipse/plugins/fr.ac6.mcu.externaltools.arm-none.macos64_1.13.1.201707031232/tools/compiler/bin/../lib/gcc/arm-none-eabi/5.4.1/armv7e-m/fpu/crtbegin.o

.rodata         0x0000000008003b4c       0x68
                0x0000000008003b4c                . = ALIGN (0x4)
 *(.rodata)
 .rodata        0x0000000008003b4c       0x18 Src/system_stm32f4xx.o
                0x0000000008003b4c                AHBPrescTable
                0x0000000008003b5c                APBPrescTable
 *(.rodata*)
 .rodata.str1.4
                0x0000000008003b64       0x1c Src/main.o
                                         0x1b (size before relaxing)
 .rodata.str1.1
                0x0000000008003b80       0x11 /Applications/Ac6/SystemWorkbench.app/Contents/Eclipse/plugins/fr.ac6.mcu.externaltools.arm-none.macos64_1.13.1.201707031232/tools/compiler/bin/../lib/gcc/arm-none-eabi/5.4.1/../../../../arm-none-eabi/lib/armv7e-m/fpu/libc_nano.a(lib_a-nano-svfprintf.o)
 .rodata.str1.1
                0x0000000008003b91       0x22 /Applications/Ac6/SystemWorkbench.app/Contents/Eclipse/plugins/fr.ac6.mcu.externaltools.arm-none.macos64_1.13.1.201707031232/tools/compiler/bin/../lib/gcc/arm-none-eabi/5.4.1/../../../../arm-none-eabi/lib/armv7e-m/fpu/libc_nano.a(lib_a-nano-vfprintf_i.o)
                0x0000000008003bb4                . = ALIGN (0x4)
 *fill*         0x0000000008003bb3        0x1 

.ARM.extab
 *(.ARM.extab* .gnu.linkonce.armextab.*)

.ARM            0x0000000008003bb4        0x8
                0x0000000008003bb4                __exidx_start = .
 *(.ARM.exidx*)
 .ARM.exidx     0x0000000008003bb4        0x8 /Applications/Ac6/SystemWorkbench.app/Contents/Eclipse/plugins/fr.ac6.mcu.externaltools.arm-none.macos64_1.13.1.201707031232/tools/compiler/bin/../lib/gcc/arm-none-eabi/5.4.1/armv7e-m/fpu/libgcc.a(_udivmoddi4.o)
                0x0000000008003bbc                __exidx_end = .

.rel.dyn        0x0000000008003bbc        0x0
 .rel.iplt      0x0000000008003bbc        0x0 /Applications/Ac6/SystemWorkbench.app/Contents/Eclipse/plugins/fr.ac6.mcu.externaltools.arm-none.macos64_1.13.1.201707031232/tools/compiler/bin/../lib/gcc/arm-none-eabi/5.4.1/armv7e-m/fpu/crtbegin.o

.preinit_array  0x0000000008003bbc        0x0
                0x0000000008003bbc                PROVIDE (__preinit_array_start, .)
 *(.preinit_array*)
                0x0000000008003bbc                PROVIDE (__preinit_array_end, .)

.init_array     0x0000000008003bbc        0x4
                0x0000000008003bbc                PROVIDE (__init_array_start, .)
 *(SORT(.init_array.*))
 *(.init_array*)
 .init_array    0x0000000008003bbc        0x4 /Applications/Ac6/SystemWorkbench.app/Contents/Eclipse/plugins/fr.ac6.mcu.externaltools.arm-none.macos64_1.13.1.201707031232/tools/compiler/bin/../lib/gcc/arm-none-eabi/5.4.1/armv7e-m/fpu/crtbegin.o
                0x0000000008003bc0                PROVIDE (__init_array_end, .)

.fini_array     0x0000000008003bc0        0x4
                [!provide]                        PROVIDE (__fini_array_start, .)
 *(SORT(.fini_array.*))
 *(.fini_array*)
 .fini_array    0x0000000008003bc0        0x4 /Applications/Ac6/SystemWorkbench.app/Contents/Eclipse/plugins/fr.ac6.mcu.externaltools.arm-none.macos64_1.13.1.201707031232/tools/compiler/bin/../lib/gcc/arm-none-eabi/5.4.1/armv7e-m/fpu/crtbegin.o
                [!provide]                        PROVIDE (__fini_array_end, .)
                0x0000000008003bc4                _sidata = LOADADDR (.data)

.data           0x0000000020000000       0xec load address 0x0000000008003bc4
                0x0000000020000000                . = ALIGN (0x4)
                0x0000000020000000                _sdata = .
 *(.data)
 .data          0x0000000020000000       0x34 Drivers/STM32F4xx_HAL_Driver/Src/lis302dl.o
                0x0000000020000000                Lis302dlDrv
 .data          0x0000000020000034       0x34 Drivers/STM32F4xx_HAL_Driver/Src/lis3dsh.o
                0x0000000020000034                Lis3dshDrv
 .data          0x0000000020000068       0x1c Drivers/STM32F4xx_HAL_Driver/Src/stm32f4_discovery.o
                0x0000000020000068                SpixTimeout
                0x000000002000006c                I2cxTimeout
                0x0000000020000070                GPIO_PORT
                0x0000000020000080                BUTTON_PORT
 .data          0x0000000020000084        0x4 Src/system_stm32f4xx.o
                0x0000000020000084                SystemCoreClock
 *(.data*)
 .data.impure_data
                0x0000000020000088       0x60 /Applications/Ac6/SystemWorkbench.app/Contents/Eclipse/plugins/fr.ac6.mcu.externaltools.arm-none.macos64_1.13.1.201707031232/tools/compiler/bin/../lib/gcc/arm-none-eabi/5.4.1/../../../../arm-none-eabi/lib/armv7e-m/fpu/libc_nano.a(lib_a-impure.o)
 .data._impure_ptr
                0x00000000200000e8        0x4 /Applications/Ac6/SystemWorkbench.app/Contents/Eclipse/plugins/fr.ac6.mcu.externaltools.arm-none.macos64_1.13.1.201707031232/tools/compiler/bin/../lib/gcc/arm-none-eabi/5.4.1/../../../../arm-none-eabi/lib/armv7e-m/fpu/libc_nano.a(lib_a-impure.o)
                0x00000000200000e8                _impure_ptr
                0x00000000200000ec                . = ALIGN (0x4)
                0x00000000200000ec                _edata = .
                0x0000000008003cb0                _siccmram = LOADADDR (.ccmram)

.jcr            0x00000000200000ec        0x0 load address 0x0000000008003cb0
 .jcr           0x00000000200000ec        0x0 /Applications/Ac6/SystemWorkbench.app/Contents/Eclipse/plugins/fr.ac6.mcu.externaltools.arm-none.macos64_1.13.1.201707031232/tools/compiler/bin/../lib/gcc/arm-none-eabi/5.4.1/armv7e-m/fpu/crtbegin.o

.igot.plt       0x00000000200000ec        0x0 load address 0x0000000008003cb0
 .igot.plt      0x00000000200000ec        0x0 /Applications/Ac6/SystemWorkbench.app/Contents/Eclipse/plugins/fr.ac6.mcu.externaltools.arm-none.macos64_1.13.1.201707031232/tools/compiler/bin/../lib/gcc/arm-none-eabi/5.4.1/armv7e-m/fpu/crtbegin.o

.ccmram         0x0000000010000000        0x0 load address 0x0000000008003cb0
                0x0000000010000000                . = ALIGN (0x4)
                0x0000000010000000                _sccmram = .
 *(.ccmram)
 *(.ccmram*)
                0x0000000010000000                . = ALIGN (0x4)
                0x0000000010000000                _eccmram = .
                0x0000000010000000                . = ALIGN (0x4)

.bss            0x00000000200000ec      0x218
                0x00000000200000ec                _sbss = .
                0x00000000200000ec                __bss_start__ = _sbss
 *(.bss)
 .bss           0x00000000200000ec       0x1c /Applications/Ac6/SystemWorkbench.app/Contents/Eclipse/plugins/fr.ac6.mcu.externaltools.arm-none.macos64_1.13.1.201707031232/tools/compiler/bin/../lib/gcc/arm-none-eabi/5.4.1/armv7e-m/fpu/crtbegin.o
 .bss           0x0000000020000108       0xac Drivers/STM32F4xx_HAL_Driver/Src/stm32f4_discovery.o
 .bss           0x00000000200001b4        0x4 Drivers/STM32F4xx_HAL_Driver/Src/stm32f4_discovery_accelerometer.o
 .bss           0x00000000200001b8        0x1 Src/main.o
                0x00000000200001b8                cnt
 *(.bss*)
 *fill*         0x00000000200001b9        0x3 
 .bss.__malloc_sbrk_start
                0x00000000200001bc        0x4 /Applications/Ac6/SystemWorkbench.app/Contents/Eclipse/plugins/fr.ac6.mcu.externaltools.arm-none.macos64_1.13.1.201707031232/tools/compiler/bin/../lib/gcc/arm-none-eabi/5.4.1/../../../../arm-none-eabi/lib/armv7e-m/fpu/libc_nano.a(lib_a-nano-mallocr.o)
                0x00000000200001bc                __malloc_sbrk_start
 .bss.__malloc_free_list
                0x00000000200001c0        0x4 /Applications/Ac6/SystemWorkbench.app/Contents/Eclipse/plugins/fr.ac6.mcu.externaltools.arm-none.macos64_1.13.1.201707031232/tools/compiler/bin/../lib/gcc/arm-none-eabi/5.4.1/../../../../arm-none-eabi/lib/armv7e-m/fpu/libc_nano.a(lib_a-nano-mallocr.o)
                0x00000000200001c0                __malloc_free_list
 .bss.heap_end.4169
                0x00000000200001c4        0x4 /Applications/Ac6/SystemWorkbench.app/Contents/Eclipse/plugins/fr.ac6.mcu.externaltools.arm-none.macos64_1.13.1.201707031232/tools/compiler/bin/../lib/gcc/arm-none-eabi/5.4.1/../../../../arm-none-eabi/lib/armv7e-m/fpu/libnosys.a(sbrk.o)
 *(COMMON)
 COMMON         0x00000000200001c8        0x4 Drivers/STM32F4xx_HAL_Driver/Src/stm32f4xx_hal.o
                0x00000000200001c8                uwTick
 COMMON         0x00000000200001cc      0x134 Src/main.o
                0x00000000200001cc                hi2c1
                0x0000000020000220                hspi1
                0x0000000020000278                huart2
                0x00000000200002b8                hi2s3
 COMMON         0x0000000020000300        0x4 /Applications/Ac6/SystemWorkbench.app/Contents/Eclipse/plugins/fr.ac6.mcu.externaltools.arm-none.macos64_1.13.1.201707031232/tools/compiler/bin/../lib/gcc/arm-none-eabi/5.4.1/../../../../arm-none-eabi/lib/armv7e-m/fpu/libc_nano.a(lib_a-reent.o)
                0x0000000020000300                errno
                0x0000000020000304                . = ALIGN (0x4)
                0x0000000020000304                _ebss = .
                0x0000000020000304                __bss_end__ = _ebss

._user_heap_stack
                0x0000000020000304      0x604
                0x0000000020000308                . = ALIGN (0x8)
 *fill*         0x0000000020000304        0x4 
                0x0000000020000308                PROVIDE (end, .)
                [!provide]                        PROVIDE (_end, .)
                0x0000000020000508                . = (. + _Min_Heap_Size)
 *fill*         0x0000000020000308      0x200 
                0x0000000020000908                . = (. + _Min_Stack_Size)
 *fill*         0x0000000020000508      0x400 
                0x0000000020000908                . = ALIGN (0x8)

/DISCARD/
 libc.a(*)
 libm.a(*)
 libgcc.a(*)

.ARM.attributes
                0x0000000000000000       0x30
 *(.ARM.attributes)
 .ARM.attributes
                0x0000000000000000       0x22 /Applications/Ac6/SystemWorkbench.app/Contents/Eclipse/plugins/fr.ac6.mcu.externaltools.arm-none.macos64_1.13.1.201707031232/tools/compiler/bin/../lib/gcc/arm-none-eabi/5.4.1/armv7e-m/fpu/crti.o
 .ARM.attributes
                0x0000000000000022       0x34 /Applications/Ac6/SystemWorkbench.app/Contents/Eclipse/plugins/fr.ac6.mcu.externaltools.arm-none.macos64_1.13.1.201707031232/tools/compiler/bin/../lib/gcc/arm-none-eabi/5.4.1/armv7e-m/fpu/crtbegin.o
 .ARM.attributes
                0x0000000000000056       0x39 Drivers/STM32F4xx_HAL_Driver/Src/lis302dl.o
 .ARM.attributes
                0x000000000000008f       0x39 Drivers/STM32F4xx_HAL_Driver/Src/lis3dsh.o
 .ARM.attributes
                0x00000000000000c8       0x39 Drivers/STM32F4xx_HAL_Driver/Src/stm32f4_discovery.o
 .ARM.attributes
                0x0000000000000101       0x39 Drivers/STM32F4xx_HAL_Driver/Src/stm32f4_discovery_accelerometer.o
 .ARM.attributes
                0x000000000000013a       0x39 Drivers/STM32F4xx_HAL_Driver/Src/stm32f4xx_hal.o
 .ARM.attributes
                0x0000000000000173       0x39 Drivers/STM32F4xx_HAL_Driver/Src/stm32f4xx_hal_cortex.o
 .ARM.attributes
                0x00000000000001ac       0x39 Drivers/STM32F4xx_HAL_Driver/Src/stm32f4xx_hal_gpio.o
 .ARM.attributes
                0x00000000000001e5       0x39 Drivers/STM32F4xx_HAL_Driver/Src/stm32f4xx_hal_i2c.o
 .ARM.attributes
                0x000000000000021e       0x39 Drivers/STM32F4xx_HAL_Driver/Src/stm32f4xx_hal_i2s.o
 .ARM.attributes
                0x0000000000000257       0x39 Drivers/STM32F4xx_HAL_Driver/Src/stm32f4xx_hal_i2s_ex.o
 .ARM.attributes
                0x0000000000000290       0x39 Drivers/STM32F4xx_HAL_Driver/Src/stm32f4xx_hal_rcc.o
 .ARM.attributes
                0x00000000000002c9       0x39 Drivers/STM32F4xx_HAL_Driver/Src/stm32f4xx_hal_rcc_ex.o
 .ARM.attributes
                0x0000000000000302       0x39 Drivers/STM32F4xx_HAL_Driver/Src/stm32f4xx_hal_spi.o
 .ARM.attributes
                0x000000000000033b       0x39 Drivers/STM32F4xx_HAL_Driver/Src/stm32f4xx_hal_uart.o
 .ARM.attributes
                0x0000000000000374       0x39 Src/main.o
 .ARM.attributes
                0x00000000000003ad       0x39 Src/stm32f4xx_hal_msp.o
 .ARM.attributes
                0x00000000000003e6       0x39 Src/stm32f4xx_it.o
 .ARM.attributes
                0x000000000000041f       0x39 Src/system_stm32f4xx.o
 .ARM.attributes
                0x0000000000000458       0x21 startup/startup_stm32f407xx.o
 .ARM.attributes
                0x0000000000000479       0x22 /Applications/Ac6/SystemWorkbench.app/Contents/Eclipse/plugins/fr.ac6.mcu.externaltools.arm-none.macos64_1.13.1.201707031232/tools/compiler/bin/../lib/gcc/arm-none-eabi/5.4.1/armv7e-m/fpu/libgcc.a(_aeabi_uldivmod.o)
 .ARM.attributes
                0x000000000000049b       0x34 /Applications/Ac6/SystemWorkbench.app/Contents/Eclipse/plugins/fr.ac6.mcu.externaltools.arm-none.macos64_1.13.1.201707031232/tools/compiler/bin/../lib/gcc/arm-none-eabi/5.4.1/armv7e-m/fpu/libgcc.a(_udivmoddi4.o)
 .ARM.attributes
                0x00000000000004cf       0x22 /Applications/Ac6/SystemWorkbench.app/Contents/Eclipse/plugins/fr.ac6.mcu.externaltools.arm-none.macos64_1.13.1.201707031232/tools/compiler/bin/../lib/gcc/arm-none-eabi/5.4.1/armv7e-m/fpu/libgcc.a(_dvmd_tls.o)
 .ARM.attributes
                0x00000000000004f1       0x34 /Applications/Ac6/SystemWorkbench.app/Contents/Eclipse/plugins/fr.ac6.mcu.externaltools.arm-none.macos64_1.13.1.201707031232/tools/compiler/bin/../lib/gcc/arm-none-eabi/5.4.1/../../../../arm-none-eabi/lib/armv7e-m/fpu/libc_nano.a(lib_a-impure.o)
 .ARM.attributes
                0x0000000000000525       0x34 /Applications/Ac6/SystemWorkbench.app/Contents/Eclipse/plugins/fr.ac6.mcu.externaltools.arm-none.macos64_1.13.1.201707031232/tools/compiler/bin/../lib/gcc/arm-none-eabi/5.4.1/../../../../arm-none-eabi/lib/armv7e-m/fpu/libc_nano.a(lib_a-init.o)
 .ARM.attributes
                0x0000000000000559       0x34 /Applications/Ac6/SystemWorkbench.app/Contents/Eclipse/plugins/fr.ac6.mcu.externaltools.arm-none.macos64_1.13.1.201707031232/tools/compiler/bin/../lib/gcc/arm-none-eabi/5.4.1/../../../../arm-none-eabi/lib/armv7e-m/fpu/libc_nano.a(lib_a-sprintf.o)
 .ARM.attributes
                0x000000000000058d       0x1b /Applications/Ac6/SystemWorkbench.app/Contents/Eclipse/plugins/fr.ac6.mcu.externaltools.arm-none.macos64_1.13.1.201707031232/tools/compiler/bin/../lib/gcc/arm-none-eabi/5.4.1/../../../../arm-none-eabi/lib/armv7e-m/fpu/libc_nano.a(lib_a-strlen.o)
 .ARM.attributes
                0x00000000000005a8       0x34 /Applications/Ac6/SystemWorkbench.app/Contents/Eclipse/plugins/fr.ac6.mcu.externaltools.arm-none.macos64_1.13.1.201707031232/tools/compiler/bin/../lib/gcc/arm-none-eabi/5.4.1/../../../../arm-none-eabi/lib/armv7e-m/fpu/libc_nano.a(lib_a-nano-svfprintf.o)
 .ARM.attributes
                0x00000000000005dc       0x34 /Applications/Ac6/SystemWorkbench.app/Contents/Eclipse/plugins/fr.ac6.mcu.externaltools.arm-none.macos64_1.13.1.201707031232/tools/compiler/bin/../lib/gcc/arm-none-eabi/5.4.1/../../../../arm-none-eabi/lib/armv7e-m/fpu/libc_nano.a(lib_a-nano-vfprintf_i.o)
 .ARM.attributes
                0x0000000000000610       0x20 /Applications/Ac6/SystemWorkbench.app/Contents/Eclipse/plugins/fr.ac6.mcu.externaltools.arm-none.macos64_1.13.1.201707031232/tools/compiler/bin/../lib/gcc/arm-none-eabi/5.4.1/../../../../arm-none-eabi/lib/armv7e-m/fpu/libc_nano.a(lib_a-memchr.o)
 .ARM.attributes
                0x0000000000000630       0x34 /Applications/Ac6/SystemWorkbench.app/Contents/Eclipse/plugins/fr.ac6.mcu.externaltools.arm-none.macos64_1.13.1.201707031232/tools/compiler/bin/../lib/gcc/arm-none-eabi/5.4.1/../../../../arm-none-eabi/lib/armv7e-m/fpu/libc_nano.a(lib_a-memcpy-stub.o)
 .ARM.attributes
                0x0000000000000664       0x34 /Applications/Ac6/SystemWorkbench.app/Contents/Eclipse/plugins/fr.ac6.mcu.externaltools.arm-none.macos64_1.13.1.201707031232/tools/compiler/bin/../lib/gcc/arm-none-eabi/5.4.1/../../../../arm-none-eabi/lib/armv7e-m/fpu/libc_nano.a(lib_a-memmove.o)
 .ARM.attributes
                0x0000000000000698       0x34 /Applications/Ac6/SystemWorkbench.app/Contents/Eclipse/plugins/fr.ac6.mcu.externaltools.arm-none.macos64_1.13.1.201707031232/tools/compiler/bin/../lib/gcc/arm-none-eabi/5.4.1/../../../../arm-none-eabi/lib/armv7e-m/fpu/libc_nano.a(lib_a-nano-freer.o)
 .ARM.attributes
                0x00000000000006cc       0x34 /Applications/Ac6/SystemWorkbench.app/Contents/Eclipse/plugins/fr.ac6.mcu.externaltools.arm-none.macos64_1.13.1.201707031232/tools/compiler/bin/../lib/gcc/arm-none-eabi/5.4.1/../../../../arm-none-eabi/lib/armv7e-m/fpu/libc_nano.a(lib_a-nano-mallocr.o)
 .ARM.attributes
                0x0000000000000700       0x34 /Applications/Ac6/SystemWorkbench.app/Contents/Eclipse/plugins/fr.ac6.mcu.externaltools.arm-none.macos64_1.13.1.201707031232/tools/compiler/bin/../lib/gcc/arm-none-eabi/5.4.1/../../../../arm-none-eabi/lib/armv7e-m/fpu/libc_nano.a(lib_a-nano-reallocr.o)
 .ARM.attributes
                0x0000000000000734       0x34 /Applications/Ac6/SystemWorkbench.app/Contents/Eclipse/plugins/fr.ac6.mcu.externaltools.arm-none.macos64_1.13.1.201707031232/tools/compiler/bin/../lib/gcc/arm-none-eabi/5.4.1/../../../../arm-none-eabi/lib/armv7e-m/fpu/libc_nano.a(lib_a-sbrkr.o)
 .ARM.attributes
                0x0000000000000768       0x34 /Applications/Ac6/SystemWorkbench.app/Contents/Eclipse/plugins/fr.ac6.mcu.externaltools.arm-none.macos64_1.13.1.201707031232/tools/compiler/bin/../lib/gcc/arm-none-eabi/5.4.1/../../../../arm-none-eabi/lib/armv7e-m/fpu/libc_nano.a(lib_a-mlock.o)
 .ARM.attributes
                0x000000000000079c       0x34 /Applications/Ac6/SystemWorkbench.app/Contents/Eclipse/plugins/fr.ac6.mcu.externaltools.arm-none.macos64_1.13.1.201707031232/tools/compiler/bin/../lib/gcc/arm-none-eabi/5.4.1/../../../../arm-none-eabi/lib/armv7e-m/fpu/libc_nano.a(lib_a-nano-msizer.o)
 .ARM.attributes
                0x00000000000007d0       0x34 /Applications/Ac6/SystemWorkbench.app/Contents/Eclipse/plugins/fr.ac6.mcu.externaltools.arm-none.macos64_1.13.1.201707031232/tools/compiler/bin/../lib/gcc/arm-none-eabi/5.4.1/../../../../arm-none-eabi/lib/armv7e-m/fpu/libc_nano.a(lib_a-reent.o)
 .ARM.attributes
                0x0000000000000804       0x34 /Applications/Ac6/SystemWorkbench.app/Contents/Eclipse/plugins/fr.ac6.mcu.externaltools.arm-none.macos64_1.13.1.201707031232/tools/compiler/bin/../lib/gcc/arm-none-eabi/5.4.1/../../../../arm-none-eabi/lib/armv7e-m/fpu/libnosys.a(sbrk.o)
 .ARM.attributes
                0x0000000000000838       0x22 /Applications/Ac6/SystemWorkbench.app/Contents/Eclipse/plugins/fr.ac6.mcu.externaltools.arm-none.macos64_1.13.1.201707031232/tools/compiler/bin/../lib/gcc/arm-none-eabi/5.4.1/armv7e-m/fpu/crtn.o
OUTPUT(test3.elf elf32-littlearm)

.debug_info     0x0000000000000000    0x11037
 .debug_info    0x0000000000000000      0x829 Drivers/STM32F4xx_HAL_Driver/Src/lis302dl.o
 .debug_info    0x0000000000000829      0x8a6 Drivers/STM32F4xx_HAL_Driver/Src/lis3dsh.o
 .debug_info    0x00000000000010cf     0x1990 Drivers/STM32F4xx_HAL_Driver/Src/stm32f4_discovery.o
 .debug_info    0x0000000000002a5f      0x450 Drivers/STM32F4xx_HAL_Driver/Src/stm32f4_discovery_accelerometer.o
 .debug_info    0x0000000000002eaf      0x8a2 Drivers/STM32F4xx_HAL_Driver/Src/stm32f4xx_hal.o
 .debug_info    0x0000000000003751      0xf0d Drivers/STM32F4xx_HAL_Driver/Src/stm32f4xx_hal_cortex.o
 .debug_info    0x000000000000465e      0x72a Drivers/STM32F4xx_HAL_Driver/Src/stm32f4xx_hal_gpio.o
 .debug_info    0x0000000000004d88     0x2e88 Drivers/STM32F4xx_HAL_Driver/Src/stm32f4xx_hal_i2c.o
 .debug_info    0x0000000000007c10      0xf7d Drivers/STM32F4xx_HAL_Driver/Src/stm32f4xx_hal_i2s.o
 .debug_info    0x0000000000008b8d      0xd81 Drivers/STM32F4xx_HAL_Driver/Src/stm32f4xx_hal_i2s_ex.o
 .debug_info    0x000000000000990e      0xa1f Drivers/STM32F4xx_HAL_Driver/Src/stm32f4xx_hal_rcc.o
 .debug_info    0x000000000000a32d      0x58f Drivers/STM32F4xx_HAL_Driver/Src/stm32f4xx_hal_rcc_ex.o
 .debug_info    0x000000000000a8bc     0x19ea Drivers/STM32F4xx_HAL_Driver/Src/stm32f4xx_hal_spi.o
 .debug_info    0x000000000000c2a6     0x16b4 Drivers/STM32F4xx_HAL_Driver/Src/stm32f4xx_hal_uart.o
 .debug_info    0x000000000000d95a     0x1ba7 Src/main.o
 .debug_info    0x000000000000f501     0x14c7 Src/stm32f4xx_hal_msp.o
 .debug_info    0x00000000000109c8       0xfc Src/stm32f4xx_it.o
 .debug_info    0x0000000000010ac4      0x500 Src/system_stm32f4xx.o
 .debug_info    0x0000000000010fc4       0x73 startup/startup_stm32f407xx.o

.debug_abbrev   0x0000000000000000     0x23e5
 .debug_abbrev  0x0000000000000000      0x1be Drivers/STM32F4xx_HAL_Driver/Src/lis302dl.o
 .debug_abbrev  0x00000000000001be      0x1be Drivers/STM32F4xx_HAL_Driver/Src/lis3dsh.o
 .debug_abbrev  0x000000000000037c      0x2a8 Drivers/STM32F4xx_HAL_Driver/Src/stm32f4_discovery.o
 .debug_abbrev  0x0000000000000624      0x171 Drivers/STM32F4xx_HAL_Driver/Src/stm32f4_discovery_accelerometer.o
 .debug_abbrev  0x0000000000000795      0x207 Drivers/STM32F4xx_HAL_Driver/Src/stm32f4xx_hal.o
 .debug_abbrev  0x000000000000099c      0x2fe Drivers/STM32F4xx_HAL_Driver/Src/stm32f4xx_hal_cortex.o
 .debug_abbrev  0x0000000000000c9a      0x1cd Drivers/STM32F4xx_HAL_Driver/Src/stm32f4xx_hal_gpio.o
 .debug_abbrev  0x0000000000000e67      0x237 Drivers/STM32F4xx_HAL_Driver/Src/stm32f4xx_hal_i2c.o
 .debug_abbrev  0x000000000000109e      0x257 Drivers/STM32F4xx_HAL_Driver/Src/stm32f4xx_hal_i2s.o
 .debug_abbrev  0x00000000000012f5      0x24e Drivers/STM32F4xx_HAL_Driver/Src/stm32f4xx_hal_i2s_ex.o
 .debug_abbrev  0x0000000000001543      0x268 Drivers/STM32F4xx_HAL_Driver/Src/stm32f4xx_hal_rcc.o
 .debug_abbrev  0x00000000000017ab      0x187 Drivers/STM32F4xx_HAL_Driver/Src/stm32f4xx_hal_rcc_ex.o
 .debug_abbrev  0x0000000000001932      0x23d Drivers/STM32F4xx_HAL_Driver/Src/stm32f4xx_hal_spi.o
 .debug_abbrev  0x0000000000001b6f      0x26f Drivers/STM32F4xx_HAL_Driver/Src/stm32f4xx_hal_uart.o
 .debug_abbrev  0x0000000000001dde      0x268 Src/main.o
 .debug_abbrev  0x0000000000002046      0x1d8 Src/stm32f4xx_hal_msp.o
 .debug_abbrev  0x000000000000221e       0xb1 Src/stm32f4xx_it.o
 .debug_abbrev  0x00000000000022cf      0x104 Src/system_stm32f4xx.o
 .debug_abbrev  0x00000000000023d3       0x12 startup/startup_stm32f407xx.o

.debug_loc      0x0000000000000000     0x8c83
 .debug_loc     0x0000000000000000      0x14c Drivers/STM32F4xx_HAL_Driver/Src/lis302dl.o
 .debug_loc     0x000000000000014c      0x1b5 Drivers/STM32F4xx_HAL_Driver/Src/lis3dsh.o
 .debug_loc     0x0000000000000301      0x422 Drivers/STM32F4xx_HAL_Driver/Src/stm32f4_discovery.o
 .debug_loc     0x0000000000000723      0x13a Drivers/STM32F4xx_HAL_Driver/Src/stm32f4_discovery_accelerometer.o
 .debug_loc     0x000000000000085d       0x69 Drivers/STM32F4xx_HAL_Driver/Src/stm32f4xx_hal.o
 .debug_loc     0x00000000000008c6      0x548 Drivers/STM32F4xx_HAL_Driver/Src/stm32f4xx_hal_cortex.o
 .debug_loc     0x0000000000000e0e      0x38f Drivers/STM32F4xx_HAL_Driver/Src/stm32f4xx_hal_gpio.o
 .debug_loc     0x000000000000119d     0x2ec5 Drivers/STM32F4xx_HAL_Driver/Src/stm32f4xx_hal_i2c.o
 .debug_loc     0x0000000000004062      0xdd6 Drivers/STM32F4xx_HAL_Driver/Src/stm32f4xx_hal_i2s.o
 .debug_loc     0x0000000000004e38      0x9a2 Drivers/STM32F4xx_HAL_Driver/Src/stm32f4xx_hal_i2s_ex.o
 .debug_loc     0x00000000000057da      0x434 Drivers/STM32F4xx_HAL_Driver/Src/stm32f4xx_hal_rcc.o
 .debug_loc     0x0000000000005c0e      0x2cf Drivers/STM32F4xx_HAL_Driver/Src/stm32f4xx_hal_rcc_ex.o
 .debug_loc     0x0000000000005edd     0x17a8 Drivers/STM32F4xx_HAL_Driver/Src/stm32f4xx_hal_spi.o
 .debug_loc     0x0000000000007685     0x137a Drivers/STM32F4xx_HAL_Driver/Src/stm32f4xx_hal_uart.o
 .debug_loc     0x00000000000089ff       0x1e Src/main.o
 .debug_loc     0x0000000000008a1d      0x134 Src/stm32f4xx_hal_msp.o
 .debug_loc     0x0000000000008b51      0x132 Src/system_stm32f4xx.o

.debug_aranges  0x0000000000000000      0xd38
 .debug_aranges
                0x0000000000000000       0x78 Drivers/STM32F4xx_HAL_Driver/Src/lis302dl.o
 .debug_aranges
                0x0000000000000078       0x68 Drivers/STM32F4xx_HAL_Driver/Src/lis3dsh.o
 .debug_aranges
                0x00000000000000e0       0xd8 Drivers/STM32F4xx_HAL_Driver/Src/stm32f4_discovery.o
 .debug_aranges
                0x00000000000001b8       0x48 Drivers/STM32F4xx_HAL_Driver/Src/stm32f4_discovery_accelerometer.o
 .debug_aranges
                0x0000000000000200       0xc8 Drivers/STM32F4xx_HAL_Driver/Src/stm32f4xx_hal.o
 .debug_aranges
                0x00000000000002c8       0xa8 Drivers/STM32F4xx_HAL_Driver/Src/stm32f4xx_hal_cortex.o
 .debug_aranges
                0x0000000000000370       0x58 Drivers/STM32F4xx_HAL_Driver/Src/stm32f4xx_hal_gpio.o
 .debug_aranges
                0x00000000000003c8      0x268 Drivers/STM32F4xx_HAL_Driver/Src/stm32f4xx_hal_i2c.o
 .debug_aranges
                0x0000000000000630      0x108 Drivers/STM32F4xx_HAL_Driver/Src/stm32f4xx_hal_i2s.o
 .debug_aranges
                0x0000000000000738       0x78 Drivers/STM32F4xx_HAL_Driver/Src/stm32f4xx_hal_i2s_ex.o
 .debug_aranges
                0x00000000000007b0       0x88 Drivers/STM32F4xx_HAL_Driver/Src/stm32f4xx_hal_rcc.o
 .debug_aranges
                0x0000000000000838       0x38 Drivers/STM32F4xx_HAL_Driver/Src/stm32f4xx_hal_rcc_ex.o
 .debug_aranges
                0x0000000000000870      0x1c8 Drivers/STM32F4xx_HAL_Driver/Src/stm32f4xx_hal_spi.o
 .debug_aranges
                0x0000000000000a38      0x1d0 Drivers/STM32F4xx_HAL_Driver/Src/stm32f4xx_hal_uart.o
 .debug_aranges
                0x0000000000000c08       0x58 Src/main.o
 .debug_aranges
                0x0000000000000c60       0x60 Src/stm32f4xx_hal_msp.o
 .debug_aranges
                0x0000000000000cc0       0x28 Src/stm32f4xx_it.o
 .debug_aranges
                0x0000000000000ce8       0x28 Src/system_stm32f4xx.o
 .debug_aranges
                0x0000000000000d10       0x28 startup/startup_stm32f407xx.o

.debug_ranges   0x0000000000000000      0xc10
 .debug_ranges  0x0000000000000000       0x68 Drivers/STM32F4xx_HAL_Driver/Src/lis302dl.o
 .debug_ranges  0x0000000000000068       0x58 Drivers/STM32F4xx_HAL_Driver/Src/lis3dsh.o
 .debug_ranges  0x00000000000000c0       0xc8 Drivers/STM32F4xx_HAL_Driver/Src/stm32f4_discovery.o
 .debug_ranges  0x0000000000000188       0x38 Drivers/STM32F4xx_HAL_Driver/Src/stm32f4_discovery_accelerometer.o
 .debug_ranges  0x00000000000001c0       0xb8 Drivers/STM32F4xx_HAL_Driver/Src/stm32f4xx_hal.o
 .debug_ranges  0x0000000000000278       0x98 Drivers/STM32F4xx_HAL_Driver/Src/stm32f4xx_hal_cortex.o
 .debug_ranges  0x0000000000000310       0x48 Drivers/STM32F4xx_HAL_Driver/Src/stm32f4xx_hal_gpio.o
 .debug_ranges  0x0000000000000358      0x258 Drivers/STM32F4xx_HAL_Driver/Src/stm32f4xx_hal_i2c.o
 .debug_ranges  0x00000000000005b0       0xf8 Drivers/STM32F4xx_HAL_Driver/Src/stm32f4xx_hal_i2s.o
 .debug_ranges  0x00000000000006a8       0x68 Drivers/STM32F4xx_HAL_Driver/Src/stm32f4xx_hal_i2s_ex.o
 .debug_ranges  0x0000000000000710       0x78 Drivers/STM32F4xx_HAL_Driver/Src/stm32f4xx_hal_rcc.o
 .debug_ranges  0x0000000000000788       0x28 Drivers/STM32F4xx_HAL_Driver/Src/stm32f4xx_hal_rcc_ex.o
 .debug_ranges  0x00000000000007b0      0x1b8 Drivers/STM32F4xx_HAL_Driver/Src/stm32f4xx_hal_spi.o
 .debug_ranges  0x0000000000000968      0x1c0 Drivers/STM32F4xx_HAL_Driver/Src/stm32f4xx_hal_uart.o
 .debug_ranges  0x0000000000000b28       0x48 Src/main.o
 .debug_ranges  0x0000000000000b70       0x50 Src/stm32f4xx_hal_msp.o
 .debug_ranges  0x0000000000000bc0       0x18 Src/stm32f4xx_it.o
 .debug_ranges  0x0000000000000bd8       0x18 Src/system_stm32f4xx.o
 .debug_ranges  0x0000000000000bf0       0x20 startup/startup_stm32f407xx.o

.debug_macro    0x0000000000000000    0x22abe
 .debug_macro   0x0000000000000000       0x7c Drivers/STM32F4xx_HAL_Driver/Src/lis302dl.o
 .debug_macro   0x000000000000007c      0x898 Drivers/STM32F4xx_HAL_Driver/Src/lis302dl.o
 .debug_macro   0x0000000000000914       0x22 Drivers/STM32F4xx_HAL_Driver/Src/lis302dl.o
 .debug_macro   0x0000000000000936       0x87 Drivers/STM32F4xx_HAL_Driver/Src/lis302dl.o
 .debug_macro   0x00000000000009bd       0x44 Drivers/STM32F4xx_HAL_Driver/Src/lis302dl.o
 .debug_macro   0x0000000000000a01       0xfd Drivers/STM32F4xx_HAL_Driver/Src/lis302dl.o
 .debug_macro   0x0000000000000afe       0x5e Drivers/STM32F4xx_HAL_Driver/Src/lis302dl.o
 .debug_macro   0x0000000000000b5c      0x1df Drivers/STM32F4xx_HAL_Driver/Src/lis302dl.o
 .debug_macro   0x0000000000000d3b      0x1d1 Drivers/STM32F4xx_HAL_Driver/Src/lis302dl.o
 .debug_macro   0x0000000000000f0c       0x7c Drivers/STM32F4xx_HAL_Driver/Src/lis3dsh.o
 .debug_macro   0x0000000000000f88      0x428 Drivers/STM32F4xx_HAL_Driver/Src/lis3dsh.o
 .debug_macro   0x00000000000013b0      0x35f Drivers/STM32F4xx_HAL_Driver/Src/stm32f4_discovery.o
 .debug_macro   0x000000000000170f      0x19d Drivers/STM32F4xx_HAL_Driver/Src/stm32f4_discovery.o
 .debug_macro   0x00000000000018ac      0x18c Drivers/STM32F4xx_HAL_Driver/Src/stm32f4_discovery.o
 .debug_macro   0x0000000000001a38       0x32 Drivers/STM32F4xx_HAL_Driver/Src/stm32f4_discovery.o
 .debug_macro   0x0000000000001a6a       0x2f Drivers/STM32F4xx_HAL_Driver/Src/stm32f4_discovery.o
 .debug_macro   0x0000000000001a99       0x35 Drivers/STM32F4xx_HAL_Driver/Src/stm32f4_discovery.o
 .debug_macro   0x0000000000001ace       0x50 Drivers/STM32F4xx_HAL_Driver/Src/stm32f4_discovery.o
 .debug_macro   0x0000000000001b1e      0xe66 Drivers/STM32F4xx_HAL_Driver/Src/stm32f4_discovery.o
 .debug_macro   0x0000000000002984    0x15d08 Drivers/STM32F4xx_HAL_Driver/Src/stm32f4_discovery.o
 .debug_macro   0x000000000001868c       0x43 Drivers/STM32F4xx_HAL_Driver/Src/stm32f4_discovery.o
 .debug_macro   0x00000000000186cf     0x3535 Drivers/STM32F4xx_HAL_Driver/Src/stm32f4_discovery.o
 .debug_macro   0x000000000001bc04       0x52 Drivers/STM32F4xx_HAL_Driver/Src/stm32f4_discovery.o
 .debug_macro   0x000000000001bc56       0x35 Drivers/STM32F4xx_HAL_Driver/Src/stm32f4_discovery.o
 .debug_macro   0x000000000001bc8b       0x9c Drivers/STM32F4xx_HAL_Driver/Src/stm32f4_discovery.o
 .debug_macro   0x000000000001bd27       0x16 Drivers/STM32F4xx_HAL_Driver/Src/stm32f4_discovery.o
 .debug_macro   0x000000000001bd3d       0x97 Drivers/STM32F4xx_HAL_Driver/Src/stm32f4_discovery.o
 .debug_macro   0x000000000001bdd4      0x30d Drivers/STM32F4xx_HAL_Driver/Src/stm32f4_discovery.o
 .debug_macro   0x000000000001c0e1       0xfd Drivers/STM32F4xx_HAL_Driver/Src/stm32f4_discovery.o
 .debug_macro   0x000000000001c1de       0x10 Drivers/STM32F4xx_HAL_Driver/Src/stm32f4_discovery.o
 .debug_macro   0x000000000001c1ee       0x52 Drivers/STM32F4xx_HAL_Driver/Src/stm32f4_discovery.o
 .debug_macro   0x000000000001c240       0x1f Drivers/STM32F4xx_HAL_Driver/Src/stm32f4_discovery.o
 .debug_macro   0x000000000001c25f       0x43 Drivers/STM32F4xx_HAL_Driver/Src/stm32f4_discovery.o
 .debug_macro   0x000000000001c2a2       0x20 Drivers/STM32F4xx_HAL_Driver/Src/stm32f4_discovery.o
 .debug_macro   0x000000000001c2c2      0x187 Drivers/STM32F4xx_HAL_Driver/Src/stm32f4_discovery.o
 .debug_macro   0x000000000001c449       0x10 Drivers/STM32F4xx_HAL_Driver/Src/stm32f4_discovery.o
 .debug_macro   0x000000000001c459       0x1c Drivers/STM32F4xx_HAL_Driver/Src/stm32f4_discovery.o
 .debug_macro   0x000000000001c475       0x52 Drivers/STM32F4xx_HAL_Driver/Src/stm32f4_discovery.o
 .debug_macro   0x000000000001c4c7       0x40 Drivers/STM32F4xx_HAL_Driver/Src/stm32f4_discovery.o
 .debug_macro   0x000000000001c507       0x10 Drivers/STM32F4xx_HAL_Driver/Src/stm32f4_discovery.o
 .debug_macro   0x000000000001c517       0x40 Drivers/STM32F4xx_HAL_Driver/Src/stm32f4_discovery.o
 .debug_macro   0x000000000001c557       0xd7 Drivers/STM32F4xx_HAL_Driver/Src/stm32f4_discovery.o
 .debug_macro   0x000000000001c62e       0x16 Drivers/STM32F4xx_HAL_Driver/Src/stm32f4_discovery.o
 .debug_macro   0x000000000001c644      0x18b Drivers/STM32F4xx_HAL_Driver/Src/stm32f4_discovery.o
 .debug_macro   0x000000000001c7cf       0x50 Drivers/STM32F4xx_HAL_Driver/Src/stm32f4_discovery.o
 .debug_macro   0x000000000001c81f      0x96b Drivers/STM32F4xx_HAL_Driver/Src/stm32f4_discovery.o
 .debug_macro   0x000000000001d18a      0x9e6 Drivers/STM32F4xx_HAL_Driver/Src/stm32f4_discovery.o
 .debug_macro   0x000000000001db70      0x11e Drivers/STM32F4xx_HAL_Driver/Src/stm32f4_discovery.o
 .debug_macro   0x000000000001dc8e      0x13e Drivers/STM32F4xx_HAL_Driver/Src/stm32f4_discovery.o
 .debug_macro   0x000000000001ddcc       0x27 Drivers/STM32F4xx_HAL_Driver/Src/stm32f4_discovery.o
 .debug_macro   0x000000000001ddf3      0x287 Drivers/STM32F4xx_HAL_Driver/Src/stm32f4_discovery.o
 .debug_macro   0x000000000001e07a       0x5f Drivers/STM32F4xx_HAL_Driver/Src/stm32f4_discovery.o
 .debug_macro   0x000000000001e0d9      0x23a Drivers/STM32F4xx_HAL_Driver/Src/stm32f4_discovery.o
 .debug_macro   0x000000000001e313      0x133 Drivers/STM32F4xx_HAL_Driver/Src/stm32f4_discovery.o
 .debug_macro   0x000000000001e446      0x21e Drivers/STM32F4xx_HAL_Driver/Src/stm32f4_discovery.o
 .debug_macro   0x000000000001e664       0x2e Drivers/STM32F4xx_HAL_Driver/Src/stm32f4_discovery.o
 .debug_macro   0x000000000001e692      0x1a7 Drivers/STM32F4xx_HAL_Driver/Src/stm32f4_discovery.o
 .debug_macro   0x000000000001e839       0xa5 Drivers/STM32F4xx_HAL_Driver/Src/stm32f4_discovery.o
 .debug_macro   0x000000000001e8de      0x192 Drivers/STM32F4xx_HAL_Driver/Src/stm32f4_discovery.o
 .debug_macro   0x000000000001ea70       0x40 Drivers/STM32F4xx_HAL_Driver/Src/stm32f4_discovery.o
 .debug_macro   0x000000000001eab0       0x3c Drivers/STM32F4xx_HAL_Driver/Src/stm32f4_discovery.o
 .debug_macro   0x000000000001eaec      0x11e Drivers/STM32F4xx_HAL_Driver/Src/stm32f4_discovery.o
 .debug_macro   0x000000000001ec0a       0x7f Drivers/STM32F4xx_HAL_Driver/Src/stm32f4_discovery.o
 .debug_macro   0x000000000001ec89       0x89 Drivers/STM32F4xx_HAL_Driver/Src/stm32f4_discovery.o
 .debug_macro   0x000000000001ed12      0x202 Drivers/STM32F4xx_HAL_Driver/Src/stm32f4_discovery.o
 .debug_macro   0x000000000001ef14      0x287 Drivers/STM32F4xx_HAL_Driver/Src/stm32f4_discovery.o
 .debug_macro   0x000000000001f19b      0x125 Drivers/STM32F4xx_HAL_Driver/Src/stm32f4_discovery.o
 .debug_macro   0x000000000001f2c0      0x1e2 Drivers/STM32F4xx_HAL_Driver/Src/stm32f4_discovery.o
 .debug_macro   0x000000000001f4a2      0x36d Drivers/STM32F4xx_HAL_Driver/Src/stm32f4_discovery_accelerometer.o
 .debug_macro   0x000000000001f80f      0x42e Drivers/STM32F4xx_HAL_Driver/Src/stm32f4_discovery_accelerometer.o
 .debug_macro   0x000000000001fc3d      0x392 Drivers/STM32F4xx_HAL_Driver/Src/stm32f4xx_hal.o
 .debug_macro   0x000000000001ffcf      0x332 Drivers/STM32F4xx_HAL_Driver/Src/stm32f4xx_hal_cortex.o
 .debug_macro   0x0000000000020301      0x36a Drivers/STM32F4xx_HAL_Driver/Src/stm32f4xx_hal_gpio.o
 .debug_macro   0x000000000002066b      0x372 Drivers/STM32F4xx_HAL_Driver/Src/stm32f4xx_hal_i2c.o
 .debug_macro   0x00000000000209dd      0x333 Drivers/STM32F4xx_HAL_Driver/Src/stm32f4xx_hal_i2s.o
 .debug_macro   0x0000000000020d10      0x332 Drivers/STM32F4xx_HAL_Driver/Src/stm32f4xx_hal_i2s_ex.o
 .debug_macro   0x0000000000021042      0x356 Drivers/STM32F4xx_HAL_Driver/Src/stm32f4xx_hal_rcc.o
 .debug_macro   0x0000000000021398      0x332 Drivers/STM32F4xx_HAL_Driver/Src/stm32f4xx_hal_rcc_ex.o
 .debug_macro   0x00000000000216ca      0x33a Drivers/STM32F4xx_HAL_Driver/Src/stm32f4xx_hal_spi.o
 .debug_macro   0x0000000000021a04      0x333 Drivers/STM32F4xx_HAL_Driver/Src/stm32f4xx_hal_uart.o
 .debug_macro   0x0000000000021d37      0x396 Src/main.o
 .debug_macro   0x00000000000220cd       0x16 Src/main.o
 .debug_macro   0x00000000000220e3       0x35 Src/main.o
 .debug_macro   0x0000000000022118      0x332 Src/stm32f4xx_hal_msp.o
 .debug_macro   0x000000000002244a      0x33c Src/stm32f4xx_it.o
 .debug_macro   0x0000000000022786      0x338 Src/system_stm32f4xx.o

.debug_line     0x0000000000000000     0xcd56
 .debug_line    0x0000000000000000      0x4f3 Drivers/STM32F4xx_HAL_Driver/Src/lis302dl.o
 .debug_line    0x00000000000004f3      0x4da Drivers/STM32F4xx_HAL_Driver/Src/lis3dsh.o
 .debug_line    0x00000000000009cd      0xac8 Drivers/STM32F4xx_HAL_Driver/Src/stm32f4_discovery.o
 .debug_line    0x0000000000001495      0x965 Drivers/STM32F4xx_HAL_Driver/Src/stm32f4_discovery_accelerometer.o
 .debug_line    0x0000000000001dfa      0xa02 Drivers/STM32F4xx_HAL_Driver/Src/stm32f4xx_hal.o
 .debug_line    0x00000000000027fc      0xa71 Drivers/STM32F4xx_HAL_Driver/Src/stm32f4xx_hal_cortex.o
 .debug_line    0x000000000000326d      0x9eb Drivers/STM32F4xx_HAL_Driver/Src/stm32f4xx_hal_gpio.o
 .debug_line    0x0000000000003c58     0x1896 Drivers/STM32F4xx_HAL_Driver/Src/stm32f4xx_hal_i2c.o
 .debug_line    0x00000000000054ee      0xdf8 Drivers/STM32F4xx_HAL_Driver/Src/stm32f4xx_hal_i2s.o
 .debug_line    0x00000000000062e6      0xe6f Drivers/STM32F4xx_HAL_Driver/Src/stm32f4xx_hal_i2s_ex.o
 .debug_line    0x0000000000007155      0xae6 Drivers/STM32F4xx_HAL_Driver/Src/stm32f4xx_hal_rcc.o
 .debug_line    0x0000000000007c3b      0x966 Drivers/STM32F4xx_HAL_Driver/Src/stm32f4xx_hal_rcc_ex.o
 .debug_line    0x00000000000085a1     0x11df Drivers/STM32F4xx_HAL_Driver/Src/stm32f4xx_hal_spi.o
 .debug_line    0x0000000000009780     0x110e Drivers/STM32F4xx_HAL_Driver/Src/stm32f4xx_hal_uart.o
 .debug_line    0x000000000000a88e      0xa02 Src/main.o
 .debug_line    0x000000000000b290      0x939 Src/stm32f4xx_hal_msp.o
 .debug_line    0x000000000000bbc9      0x881 Src/stm32f4xx_it.o
 .debug_line    0x000000000000c44a      0x88d Src/system_stm32f4xx.o
 .debug_line    0x000000000000ccd7       0x7f startup/startup_stm32f407xx.o

.debug_str      0x0000000000000000    0xc4534
 .debug_str     0x0000000000000000     0x400f Drivers/STM32F4xx_HAL_Driver/Src/lis302dl.o
                                       0x41d4 (size before relaxing)
 .debug_str     0x000000000000400f     0x1398 Drivers/STM32F4xx_HAL_Driver/Src/lis3dsh.o
                                       0x4903 (size before relaxing)
 .debug_str     0x00000000000053a7    0xbc333 Drivers/STM32F4xx_HAL_Driver/Src/stm32f4_discovery.o
                                      0xbf9aa (size before relaxing)
 .debug_str     0x00000000000c16da      0x25c Drivers/STM32F4xx_HAL_Driver/Src/stm32f4_discovery_accelerometer.o
                                      0xc0661 (size before relaxing)
 .debug_str     0x00000000000c1936      0x56b Drivers/STM32F4xx_HAL_Driver/Src/stm32f4xx_hal.o
                                      0xbe696 (size before relaxing)
 .debug_str     0x00000000000c1ea1      0x391 Drivers/STM32F4xx_HAL_Driver/Src/stm32f4xx_hal_cortex.o
                                      0xbe490 (size before relaxing)
 .debug_str     0x00000000000c2232      0x1c8 Drivers/STM32F4xx_HAL_Driver/Src/stm32f4xx_hal_gpio.o
                                      0xbde23 (size before relaxing)
 .debug_str     0x00000000000c23fa      0xa5a Drivers/STM32F4xx_HAL_Driver/Src/stm32f4xx_hal_i2c.o
                                      0xbea39 (size before relaxing)
 .debug_str     0x00000000000c2e54      0x3bf Drivers/STM32F4xx_HAL_Driver/Src/stm32f4xx_hal_i2s.o
                                      0xbe184 (size before relaxing)
 .debug_str     0x00000000000c3213      0x1d1 Drivers/STM32F4xx_HAL_Driver/Src/stm32f4xx_hal_i2s_ex.o
                                      0xbe0b8 (size before relaxing)
 .debug_str     0x00000000000c33e4      0x362 Drivers/STM32F4xx_HAL_Driver/Src/stm32f4xx_hal_rcc.o
                                      0xbe000 (size before relaxing)
 .debug_str     0x00000000000c3746      0x12b Drivers/STM32F4xx_HAL_Driver/Src/stm32f4xx_hal_rcc_ex.o
                                      0xbdd08 (size before relaxing)
 .debug_str     0x00000000000c3871      0x4a0 Drivers/STM32F4xx_HAL_Driver/Src/stm32f4xx_hal_spi.o
                                      0xbe419 (size before relaxing)
 .debug_str     0x00000000000c3d11      0x67b Drivers/STM32F4xx_HAL_Driver/Src/stm32f4xx_hal_uart.o
                                      0xbe468 (size before relaxing)
 .debug_str     0x00000000000c438c       0xec Src/main.o
                                      0xc1734 (size before relaxing)
 .debug_str     0x00000000000c4478       0x1b Src/stm32f4xx_hal_msp.o
                                      0xbead4 (size before relaxing)
 .debug_str     0x00000000000c4493       0x47 Src/stm32f4xx_it.o
                                      0xbda68 (size before relaxing)
 .debug_str     0x00000000000c44da       0x5a Src/system_stm32f4xx.o
                                      0xbdc0b (size before relaxing)

.comment        0x0000000000000000       0x6e
 .comment       0x0000000000000000       0x6e Drivers/STM32F4xx_HAL_Driver/Src/lis302dl.o
                                         0x6f (size before relaxing)
 .comment       0x000000000000006e       0x6f Drivers/STM32F4xx_HAL_Driver/Src/lis3dsh.o
 .comment       0x000000000000006e       0x6f Drivers/STM32F4xx_HAL_Driver/Src/stm32f4_discovery.o
 .comment       0x000000000000006e       0x6f Drivers/STM32F4xx_HAL_Driver/Src/stm32f4_discovery_accelerometer.o
 .comment       0x000000000000006e       0x6f Drivers/STM32F4xx_HAL_Driver/Src/stm32f4xx_hal.o
 .comment       0x000000000000006e       0x6f Drivers/STM32F4xx_HAL_Driver/Src/stm32f4xx_hal_cortex.o
 .comment       0x000000000000006e       0x6f Drivers/STM32F4xx_HAL_Driver/Src/stm32f4xx_hal_gpio.o
 .comment       0x000000000000006e       0x6f Drivers/STM32F4xx_HAL_Driver/Src/stm32f4xx_hal_i2c.o
 .comment       0x000000000000006e       0x6f Drivers/STM32F4xx_HAL_Driver/Src/stm32f4xx_hal_i2s.o
 .comment       0x000000000000006e       0x6f Drivers/STM32F4xx_HAL_Driver/Src/stm32f4xx_hal_i2s_ex.o
 .comment       0x000000000000006e       0x6f Drivers/STM32F4xx_HAL_Driver/Src/stm32f4xx_hal_rcc.o
 .comment       0x000000000000006e       0x6f Drivers/STM32F4xx_HAL_Driver/Src/stm32f4xx_hal_rcc_ex.o
 .comment       0x000000000000006e       0x6f Drivers/STM32F4xx_HAL_Driver/Src/stm32f4xx_hal_spi.o
 .comment       0x000000000000006e       0x6f Drivers/STM32F4xx_HAL_Driver/Src/stm32f4xx_hal_uart.o
 .comment       0x000000000000006e       0x6f Src/main.o
 .comment       0x000000000000006e       0x6f Src/stm32f4xx_hal_msp.o
 .comment       0x000000000000006e       0x6f Src/stm32f4xx_it.o
 .comment       0x000000000000006e       0x6f Src/system_stm32f4xx.o

.debug_frame    0x0000000000000000     0x2854
 .debug_frame   0x0000000000000000      0x17c Drivers/STM32F4xx_HAL_Driver/Src/lis302dl.o
 .debug_frame   0x000000000000017c      0x13c Drivers/STM32F4xx_HAL_Driver/Src/lis3dsh.o
 .debug_frame   0x00000000000002b8      0x298 Drivers/STM32F4xx_HAL_Driver/Src/stm32f4_discovery.o
 .debug_frame   0x0000000000000550       0xa4 Drivers/STM32F4xx_HAL_Driver/Src/stm32f4_discovery_accelerometer.o
 .debug_frame   0x00000000000005f4      0x198 Drivers/STM32F4xx_HAL_Driver/Src/stm32f4xx_hal.o
 .debug_frame   0x000000000000078c      0x154 Drivers/STM32F4xx_HAL_Driver/Src/stm32f4xx_hal_cortex.o
 .debug_frame   0x00000000000008e0       0xc4 Drivers/STM32F4xx_HAL_Driver/Src/stm32f4xx_hal_gpio.o
 .debug_frame   0x00000000000009a4      0x808 Drivers/STM32F4xx_HAL_Driver/Src/stm32f4xx_hal_i2c.o
 .debug_frame   0x00000000000011ac      0x2f8 Drivers/STM32F4xx_HAL_Driver/Src/stm32f4xx_hal_i2s.o
 .debug_frame   0x00000000000014a4      0x178 Drivers/STM32F4xx_HAL_Driver/Src/stm32f4xx_hal_i2s_ex.o
 .debug_frame   0x000000000000161c      0x168 Drivers/STM32F4xx_HAL_Driver/Src/stm32f4xx_hal_rcc.o
 .debug_frame   0x0000000000001784       0x6c Drivers/STM32F4xx_HAL_Driver/Src/stm32f4xx_hal_rcc_ex.o
 .debug_frame   0x00000000000017f0      0x548 Drivers/STM32F4xx_HAL_Driver/Src/stm32f4xx_hal_spi.o
 .debug_frame   0x0000000000001d38      0x4e8 Drivers/STM32F4xx_HAL_Driver/Src/stm32f4xx_hal_uart.o
 .debug_frame   0x0000000000002220       0xe4 Src/main.o
 .debug_frame   0x0000000000002304      0x114 Src/stm32f4xx_hal_msp.o
 .debug_frame   0x0000000000002418       0x38 Src/stm32f4xx_it.o
 .debug_frame   0x0000000000002450       0x30 Src/system_stm32f4xx.o
 .debug_frame   0x0000000000002480       0x2c /Applications/Ac6/SystemWorkbench.app/Contents/Eclipse/plugins/fr.ac6.mcu.externaltools.arm-none.macos64_1.13.1.201707031232/tools/compiler/bin/../lib/gcc/arm-none-eabi/5.4.1/armv7e-m/fpu/libgcc.a(_aeabi_uldivmod.o)
 .debug_frame   0x00000000000024ac       0x34 /Applications/Ac6/SystemWorkbench.app/Contents/Eclipse/plugins/fr.ac6.mcu.externaltools.arm-none.macos64_1.13.1.201707031232/tools/compiler/bin/../lib/gcc/arm-none-eabi/5.4.1/armv7e-m/fpu/libgcc.a(_udivmoddi4.o)
 .debug_frame   0x00000000000024e0       0x2c /Applications/Ac6/SystemWorkbench.app/Contents/Eclipse/plugins/fr.ac6.mcu.externaltools.arm-none.macos64_1.13.1.201707031232/tools/compiler/bin/../lib/gcc/arm-none-eabi/5.4.1/../../../../arm-none-eabi/lib/armv7e-m/fpu/libc_nano.a(lib_a-init.o)
 .debug_frame   0x000000000000250c       0x70 /Applications/Ac6/SystemWorkbench.app/Contents/Eclipse/plugins/fr.ac6.mcu.externaltools.arm-none.macos64_1.13.1.201707031232/tools/compiler/bin/../lib/gcc/arm-none-eabi/5.4.1/../../../../arm-none-eabi/lib/armv7e-m/fpu/libc_nano.a(lib_a-sprintf.o)
 .debug_frame   0x000000000000257c       0x90 /Applications/Ac6/SystemWorkbench.app/Contents/Eclipse/plugins/fr.ac6.mcu.externaltools.arm-none.macos64_1.13.1.201707031232/tools/compiler/bin/../lib/gcc/arm-none-eabi/5.4.1/../../../../arm-none-eabi/lib/armv7e-m/fpu/libc_nano.a(lib_a-nano-svfprintf.o)
 .debug_frame   0x000000000000260c       0x60 /Applications/Ac6/SystemWorkbench.app/Contents/Eclipse/plugins/fr.ac6.mcu.externaltools.arm-none.macos64_1.13.1.201707031232/tools/compiler/bin/../lib/gcc/arm-none-eabi/5.4.1/../../../../arm-none-eabi/lib/armv7e-m/fpu/libc_nano.a(lib_a-nano-vfprintf_i.o)
 .debug_frame   0x000000000000266c       0x28 /Applications/Ac6/SystemWorkbench.app/Contents/Eclipse/plugins/fr.ac6.mcu.externaltools.arm-none.macos64_1.13.1.201707031232/tools/compiler/bin/../lib/gcc/arm-none-eabi/5.4.1/../../../../arm-none-eabi/lib/armv7e-m/fpu/libc_nano.a(lib_a-memcpy-stub.o)
 .debug_frame   0x0000000000002694       0x28 /Applications/Ac6/SystemWorkbench.app/Contents/Eclipse/plugins/fr.ac6.mcu.externaltools.arm-none.macos64_1.13.1.201707031232/tools/compiler/bin/../lib/gcc/arm-none-eabi/5.4.1/../../../../arm-none-eabi/lib/armv7e-m/fpu/libc_nano.a(lib_a-memmove.o)
 .debug_frame   0x00000000000026bc       0x38 /Applications/Ac6/SystemWorkbench.app/Contents/Eclipse/plugins/fr.ac6.mcu.externaltools.arm-none.macos64_1.13.1.201707031232/tools/compiler/bin/../lib/gcc/arm-none-eabi/5.4.1/../../../../arm-none-eabi/lib/armv7e-m/fpu/libc_nano.a(lib_a-nano-freer.o)
 .debug_frame   0x00000000000026f4       0x2c /Applications/Ac6/SystemWorkbench.app/Contents/Eclipse/plugins/fr.ac6.mcu.externaltools.arm-none.macos64_1.13.1.201707031232/tools/compiler/bin/../lib/gcc/arm-none-eabi/5.4.1/../../../../arm-none-eabi/lib/armv7e-m/fpu/libc_nano.a(lib_a-nano-mallocr.o)
 .debug_frame   0x0000000000002720       0x3c /Applications/Ac6/SystemWorkbench.app/Contents/Eclipse/plugins/fr.ac6.mcu.externaltools.arm-none.macos64_1.13.1.201707031232/tools/compiler/bin/../lib/gcc/arm-none-eabi/5.4.1/../../../../arm-none-eabi/lib/armv7e-m/fpu/libc_nano.a(lib_a-nano-reallocr.o)
 .debug_frame   0x000000000000275c       0x2c /Applications/Ac6/SystemWorkbench.app/Contents/Eclipse/plugins/fr.ac6.mcu.externaltools.arm-none.macos64_1.13.1.201707031232/tools/compiler/bin/../lib/gcc/arm-none-eabi/5.4.1/../../../../arm-none-eabi/lib/armv7e-m/fpu/libc_nano.a(lib_a-sbrkr.o)
 .debug_frame   0x0000000000002788       0x30 /Applications/Ac6/SystemWorkbench.app/Contents/Eclipse/plugins/fr.ac6.mcu.externaltools.arm-none.macos64_1.13.1.201707031232/tools/compiler/bin/../lib/gcc/arm-none-eabi/5.4.1/../../../../arm-none-eabi/lib/armv7e-m/fpu/libc_nano.a(lib_a-mlock.o)
 .debug_frame   0x00000000000027b8       0x20 /Applications/Ac6/SystemWorkbench.app/Contents/Eclipse/plugins/fr.ac6.mcu.externaltools.arm-none.macos64_1.13.1.201707031232/tools/compiler/bin/../lib/gcc/arm-none-eabi/5.4.1/../../../../arm-none-eabi/lib/armv7e-m/fpu/libc_nano.a(lib_a-nano-msizer.o)
 .debug_frame   0x00000000000027d8       0x5c /Applications/Ac6/SystemWorkbench.app/Contents/Eclipse/plugins/fr.ac6.mcu.externaltools.arm-none.macos64_1.13.1.201707031232/tools/compiler/bin/../lib/gcc/arm-none-eabi/5.4.1/../../../../arm-none-eabi/lib/armv7e-m/fpu/libc_nano.a(lib_a-reent.o)
 .debug_frame   0x0000000000002834       0x20 /Applications/Ac6/SystemWorkbench.app/Contents/Eclipse/plugins/fr.ac6.mcu.externaltools.arm-none.macos64_1.13.1.201707031232/tools/compiler/bin/../lib/gcc/arm-none-eabi/5.4.1/../../../../arm-none-eabi/lib/armv7e-m/fpu/libnosys.a(sbrk.o)
